Component: ARM Compiler 6.16 Tool: armlink [5dfeaa00]

==============================================================================

Section Cross References

    seekfree_mspm0g3507_device_library.o(.text.is_element) refers to gray.o(.bss.Gray_Val) for Gray_Val
    seekfree_mspm0g3507_device_library.o(.ARM.exidx.text.is_element) refers to seekfree_mspm0g3507_device_library.o(.text.is_element) for [Anonymous Symbol]
    seekfree_mspm0g3507_device_library.o(.text.handle_initial_state) refers to motor.o(.text.motor_turn) for motor_turn
    seekfree_mspm0g3507_device_library.o(.text.handle_initial_state) refers to seekfree_mspm0g3507_device_library.o(.bss.Question_flag) for Question_flag
    seekfree_mspm0g3507_device_library.o(.text.handle_initial_state) refers to a_imu66ra.o(.bss.IMUdata) for IMUdata
    seekfree_mspm0g3507_device_library.o(.text.handle_initial_state) refers to motor.o(.bss.Step1) for Step1
    seekfree_mspm0g3507_device_library.o(.ARM.exidx.text.handle_initial_state) refers to seekfree_mspm0g3507_device_library.o(.text.handle_initial_state) for [Anonymous Symbol]
    seekfree_mspm0g3507_device_library.o(.text.handle_question_1) refers to my_pid.o(.text.DifferControl) for DifferControl
    seekfree_mspm0g3507_device_library.o(.text.handle_question_1) refers to faddsub.o(x$fpl$fsub) for __aeabi_fsub
    seekfree_mspm0g3507_device_library.o(.text.handle_question_1) refers to ffixi.o(.text) for __aeabi_f2iz
    seekfree_mspm0g3507_device_library.o(.text.handle_question_1) refers to faddsub.o(x$fpl$fadd) for __aeabi_fadd
    seekfree_mspm0g3507_device_library.o(.text.handle_question_1) refers to motor.o(.text.motor_turn) for motor_turn
    seekfree_mspm0g3507_device_library.o(.text.handle_question_1) refers to seekfree_mspm0g3507_device_library.o(.text.is_element) for is_element
    seekfree_mspm0g3507_device_library.o(.text.handle_question_1) refers to fcmp.o(i._fleq) for __aeabi_fcmple
    seekfree_mspm0g3507_device_library.o(.text.handle_question_1) refers to a_imu66ra.o(.bss.IMUdata) for IMUdata
    seekfree_mspm0g3507_device_library.o(.text.handle_question_1) refers to my_pid.o(.bss.price) for price
    seekfree_mspm0g3507_device_library.o(.text.handle_question_1) refers to motor.o(.bss.Step1) for Step1
    seekfree_mspm0g3507_device_library.o(.text.handle_question_1) refers to seekfree_mspm0g3507_device_library.o(.bss.Question) for Question
    seekfree_mspm0g3507_device_library.o(.text.handle_question_1) refers to hled_key.o(.bss.BEEP_Count) for BEEP_Count
    seekfree_mspm0g3507_device_library.o(.ARM.exidx.text.handle_question_1) refers to seekfree_mspm0g3507_device_library.o(.text.handle_question_1) for [Anonymous Symbol]
    seekfree_mspm0g3507_device_library.o(.text.handle_question_2) refers to seekfree_mspm0g3507_device_library.o(.text.is_element) for is_element
    seekfree_mspm0g3507_device_library.o(.text.handle_question_2) refers to fcmp.o(i._fleq) for __aeabi_fcmple
    seekfree_mspm0g3507_device_library.o(.text.handle_question_2) refers to gray.o(.text.Gray_erro) for Gray_erro
    seekfree_mspm0g3507_device_library.o(.text.handle_question_2) refers to faddsub.o(x$fpl$fsub) for __aeabi_fsub
    seekfree_mspm0g3507_device_library.o(.text.handle_question_2) refers to my_pid.o(.text.DifferControl) for DifferControl
    seekfree_mspm0g3507_device_library.o(.text.handle_question_2) refers to ffixi.o(.text) for __aeabi_f2iz
    seekfree_mspm0g3507_device_library.o(.text.handle_question_2) refers to faddsub.o(x$fpl$fadd) for __aeabi_fadd
    seekfree_mspm0g3507_device_library.o(.text.handle_question_2) refers to motor.o(.text.motor_turn) for motor_turn
    seekfree_mspm0g3507_device_library.o(.text.handle_question_2) refers to seekfree_mspm0g3507_device_library.o(.bss.Question_flag) for Question_flag
    seekfree_mspm0g3507_device_library.o(.text.handle_question_2) refers to seekfree_mspm0g3507_device_library.o(.bss.question_ek) for question_ek
    seekfree_mspm0g3507_device_library.o(.text.handle_question_2) refers to motor.o(.bss.Step1) for Step1
    seekfree_mspm0g3507_device_library.o(.text.handle_question_2) refers to seekfree_mspm0g3507_device_library.o(.bss.Question) for Question
    seekfree_mspm0g3507_device_library.o(.text.handle_question_2) refers to hled_key.o(.bss.BEEP_Count) for BEEP_Count
    seekfree_mspm0g3507_device_library.o(.text.handle_question_2) refers to seekfree_mspm0g3507_device_library.o(.bss.question_eks) for question_eks
    seekfree_mspm0g3507_device_library.o(.text.handle_question_2) refers to a_imu66ra.o(.bss.IMUdata) for IMUdata
    seekfree_mspm0g3507_device_library.o(.text.handle_question_2) refers to my_pid.o(.bss.price) for price
    seekfree_mspm0g3507_device_library.o(.ARM.exidx.text.handle_question_2) refers to seekfree_mspm0g3507_device_library.o(.text.handle_question_2) for [Anonymous Symbol]
    seekfree_mspm0g3507_device_library.o(.text.handle_question_2_1) refers to seekfree_mspm0g3507_device_library.o(.text.is_element) for is_element
[...]
    gSPI_FOR_IMU_config                      0x00006286   Data          10  ti_msp_dl_config.o(.rodata.gSPI_FOR_IMU_config)
    [Anonymous Symbol]                       0x00006286   Section        0  ti_msp_dl_config.o(.rodata.gSPI_FOR_IMU_config)
    gTIMER_0ClockConfig                      0x00006290   Data           3  ti_msp_dl_config.o(.rodata.gTIMER_0ClockConfig)
    [Anonymous Symbol]                       0x00006290   Section        0  ti_msp_dl_config.o(.rodata.gTIMER_0ClockConfig)
    gTIMER_0TimerConfig                      0x00006294   Data          20  ti_msp_dl_config.o(.rodata.gTIMER_0TimerConfig)
    [Anonymous Symbol]                       0x00006294   Section        0  ti_msp_dl_config.o(.rodata.gTIMER_0TimerConfig)
    gUART_0ClockConfig                       0x000062a8   Data           2  ti_msp_dl_config.o(.rodata.gUART_0ClockConfig)
    [Anonymous Symbol]                       0x000062a8   Section        0  ti_msp_dl_config.o(.rodata.gUART_0ClockConfig)
    gUART_0Config                            0x000062aa   Data          10  ti_msp_dl_config.o(.rodata.gUART_0Config)
    [Anonymous Symbol]                       0x000062aa   Section        0  ti_msp_dl_config.o(.rodata.gUART_0Config)
    [Anonymous Symbol]                       0x000082b4   Section        0  seekfree_mspm0g3507_device_library.o(.rodata.str1.1)
    [Anonymous Symbol]                       0x000082d8   Section        0  board.o(.rodata.str1.1)
    [Anonymous Symbol]                       0x000082f7   Section        0  zf_device_imu660ra.o(.rodata.str1.1)
    locale$$data                             0x00008448   Section       28  lc_numeric_c.o(locale$$data)
    __lcnum_c_name                           0x0000844c   Data           2  lc_numeric_c.o(locale$$data)
    __lcnum_c_start                          0x00008454   Data           0  lc_numeric_c.o(locale$$data)
    __lcnum_c_point                          0x00008460   Data           0  lc_numeric_c.o(locale$$data)
    __lcnum_c_thousands                      0x00008462   Data           0  lc_numeric_c.o(locale$$data)
    __lcnum_c_grouping                       0x00008463   Data           0  lc_numeric_c.o(locale$$data)
    __lcnum_c_end                            0x00008464   Data           0  lc_numeric_c.o(locale$$data)
    locale$$data                             0x00008464   Section      272  lc_ctype_c.o(locale$$data)
    __lcctype_c_name                         0x00008468   Data           2  lc_ctype_c.o(locale$$data)
    __lcctype_c_start                        0x00008470   Data           0  lc_ctype_c.o(locale$$data)
    __lcctype_c_end                          0x00008574   Data           0  lc_ctype_c.o(locale$$data)
    .bss                                     0x20200020   Section       96  libspace.o(.bss)
    Key_Pro.Key_Old                          0x202000a8   Data           1  seekfree_mspm0g3507_device_library.o(.bss.Key_Pro.Key_Old)
    [Anonymous Symbol]                       0x202000a8   Section        0  seekfree_mspm0g3507_device_library.o(.bss.Key_Pro.Key_Old)
    Speed_Get.previousSpeed                  0x202000c8   Data          20  motor.o(.bss.Speed_Get.previousSpeed)
    [Anonymous Symbol]                       0x202000c8   Section        0  motor.o(.bss.Speed_Get.previousSpeed)
    handle_question_4.cnt                    0x20200166   Data           1  seekfree_mspm0g3507_device_library.o(.bss.handle_question_4.cnt)
    [Anonymous Symbol]                       0x20200166   Section        0  seekfree_mspm0g3507_device_library.o(.bss.handle_question_4.cnt)
    handle_question_4_1.cnt                  0x20200167   Data           1  seekfree_mspm0g3507_device_library.o(.bss.handle_question_4_1.cnt)
    [Anonymous Symbol]                       0x20200167   Section        0  seekfree_mspm0g3507_device_library.o(.bss.handle_question_4_1.cnt)
    handle_question_4_low.cnt                0x20200168   Data           1  seekfree_mspm0g3507_device_library.o(.bss.handle_question_4_low.cnt)
    [Anonymous Symbol]                       0x20200168   Section        0  seekfree_mspm0g3507_device_library.o(.bss.handle_question_4_low.cnt)
    handle_question_4_low_1.cnt              0x20200169   Data           1  seekfree_mspm0g3507_device_library.o(.bss.handle_question_4_low_1.cnt)
    [Anonymous Symbol]                       0x20200169   Section        0  seekfree_mspm0g3507_device_library.o(.bss.handle_question_4_low_1.cnt)
    Heap_Mem                                 0x20200250   Data         256  startup_mspm0g350x_uvision.o(HEAP)
    HEAP                                     0x20200250   Section      256  startup_mspm0g350x_uvision.o(HEAP)
    Stack_Mem                                0x20200350   Data        4096  startup_mspm0g350x_uvision.o(STACK)
    STACK                                    0x20200350   Section     4096  startup_mspm0g350x_uvision.o(STACK)
    __initial_sp                             0x20201350   Data           0  startup_mspm0g350x_uvision.o(STACK)

    Global Symbols

    Symbol Name                              Value     Ov Type        Size  Object(Section)

    BuildAttributes$$THM_ISAv3M$S$PE$A:L22$X:L11$S22$IEEE1$IW$~IW$USESV6$~STKCKD$USESV7$~SHL$OTIME$ROPI$IEEEX$EBA8$UX$STANDARDLIB$REQ8$PRES8$EABIv2 0x00000000   Number         0  anon$$obj.o ABSOLUTE
    __Vectors                                0x00000000   Data           4  startup_mspm0g350x_uvision.o(RESET)
    _printf_flags                            0x00000000   Number         0  printf_stubs.o ABSOLUTE
    _printf_return_value                     0x00000000   Number         0  printf_stubs.o ABSOLUTE
    _printf_sizespec                         0x00000000   Number         0  printf_stubs.o ABSOLUTE
    _printf_widthprec                        0x00000000   Number         0  printf_stubs.o ABSOLUTE
    __ARM_exceptions_init                     - Undefined Weak Reference
    __alloca_initialize                       - Undefined Weak Reference
    __arm_preinit_                            - Undefined Weak Reference
    __cpp_initialize__aeabi_                  - Undefined Weak Reference
    __cxa_finalize                            - Undefined Weak Reference
    __sigvec_lookup                           - Undefined Weak Reference
    _atexit_init                              - Undefined Weak Reference
    _call_atexit_fns                          - Undefined Weak Reference
    _clock_init                               - Undefined Weak Reference
    _fp_trap_init                             - Undefined Weak Reference
    _fp_trap_shutdown                         - Undefined Weak Reference
    _get_lc_collate                           - Undefined Weak Reference
    _get_lc_monetary                          - Undefined Weak Reference
    _get_lc_time                              - Undefined Weak Reference
    _getenv_init                              - Undefined Weak Reference
    _handle_redirection                       - Undefined Weak Reference
    _init_alloc                               - Undefined Weak Reference
    _init_user_alloc                          - Undefined Weak Reference
    _initio                                   - Undefined Weak Reference
    _mutex_acquire                            - Undefined Weak Reference
    _mutex_release                            - Undefined Weak Reference
    _printf_mbtowc                            - Undefined Weak Reference
    _printf_wc                                - Undefined Weak Reference
    _rand_init                                - Undefined Weak Reference
    _signal_finish                            - Undefined Weak Reference
    _signal_init                              - Undefined Weak Reference
    _terminate_alloc                          - Undefined Weak Reference
    _terminate_user_alloc                     - Undefined Weak Reference
    _terminateio                              - Undefined Weak Reference
    __Vectors_End                            0x000000c0   Data           0  startup_mspm0g350x_uvision.o(RESET)
    __Vectors_Size                           0x000000c0   Number         0  startup_mspm0g350x_uvision.o ABSOLUTE
    __main                                   0x000000c1   Thumb Code     8  __main.o(!!!main)
    __scatterload                            0x000000c9   Thumb Code     0  __scatter.o(!!!scatter)
    __scatterload_rt2                        0x000000c9   Thumb Code    52  __scatter.o(!!!scatter)
    __scatterload_rt2_thumb_only             0x000000c9   Thumb Code     0  __scatter.o(!!!scatter)
    __scatterload_null                       0x000000d9   Thumb Code     0  __scatter.o(!!!scatter)
    __scatterload_copy                       0x00000109   Thumb Code    26  __scatter_copy.o(!!handler_copy)
    __scatterload_zeroinit                   0x00000129   Thumb Code    28  __scatter_zi.o(!!handler_zi)
    _printf_percent                          0x00000145   Thumb Code     0  _printf_percent.o(.ARM.Collect$$_printf_percent$$00000000)
    _printf_n                                0x00000147   Thumb Code     0  _printf_n.o(.ARM.Collect$$_printf_percent$$00000001)
    _printf_p                                0x00000151   Thumb Code     0  _printf_p.o(.ARM.Collect$$_printf_percent$$00000002)
    _printf_f                                0x0000015b   Thumb Code     0  _printf_f.o(.ARM.Collect$$_printf_percent$$00000003)
    _printf_e                                0x00000165   Thumb Code     0  _printf_e.o(.ARM.Collect$$_printf_percent$$00000004)
    _printf_g                                0x0000016f   Thumb Code     0  _printf_g.o(.ARM.Collect$$_printf_percent$$00000005)
    _printf_a                                0x00000179   Thumb Code     0  _printf_a.o(.ARM.Collect$$_printf_percent$$00000006)
    _printf_ll                               0x00000183   Thumb Code     0  _printf_ll.o(.ARM.Collect$$_printf_percent$$00000007)
    _printf_i                                0x0000018d   Thumb Code     0  _printf_i.o(.ARM.Collect$$_printf_percent$$00000008)
    _printf_d                                0x00000197   Thumb Code     0  _printf_d.o(.ARM.Collect$$_printf_percent$$00000009)
    _printf_u                                0x000001a1   Thumb Code     0  _printf_u.o(.ARM.Collect$$_printf_percent$$0000000A)
    _printf_o                                0x000001ab   Thumb Code     0  _printf_o.o(.ARM.Collect$$_printf_percent$$0000000B)
    _printf_x                                0x000001b5   Thumb Code     0  _printf_x.o(.ARM.Collect$$_printf_percent$$0000000C)
    _printf_lli                              0x000001bf   Thumb Code     0  _printf_lli.o(.ARM.Collect$$_printf_percent$$0000000D)
    _printf_lld                              0x000001c9   Thumb Code     0  _printf_lld.o(.ARM.Collect$$_printf_percent$$0000000E)
    _printf_llu                              0x000001d3   Thumb Code     0  _printf_llu.o(.ARM.Collect$$_printf_percent$$0000000F)
    _printf_llo                              0x000001dd   Thumb Code     0  _printf_llo.o(.ARM.Collect$$_printf_percent$$00000010)
    _printf_llx                              0x000001e7   Thumb Code     0  _printf_llx.o(.ARM.Collect$$_printf_percent$$00000011)
    _printf_l                                0x000001f1   Thumb Code     0  _printf_l.o(.ARM.Collect$$_printf_percent$$00000012)
    _printf_c                                0x000001fb   Thumb Code     0  _printf_c.o(.ARM.Collect$$_printf_percent$$00000013)
    _printf_s                                0x00000205   Thumb Code     0  _printf_s.o(.ARM.Collect$$_printf_percent$$00000014)
    _printf_lc                               0x0000020f   Thumb Code     0  _printf_lc.o(.ARM.Collect$$_printf_percent$$00000015)
    _printf_ls                               0x00000219   Thumb Code     0  _printf_ls.o(.ARM.Collect$$_printf_percent$$00000016)
    _printf_percent_end                      0x00000223   Thumb Code     0  _printf_percent_end.o(.ARM.Collect$$_printf_percent$$00000017)
    __rt_lib_init                            0x00000227   Thumb Code     0  libinit.o(.ARM.Collect$$libinit$$00000000)
    __rt_lib_init_fp_1                       0x00000229   Thumb Code     0  libinit2.o(.ARM.Collect$$libinit$$00000002)
    __rt_lib_init_heap_1                     0x00000229   Thumb Code     0  libinit2.o(.ARM.Collect$$libinit$$0000000A)
    __rt_lib_init_lc_common                  0x00000229   Thumb Code     0  libinit2.o(.ARM.Collect$$libinit$$0000000F)
    __rt_lib_init_preinit_1                  0x00000229   Thumb Code     0  libinit2.o(.ARM.Collect$$libinit$$00000004)
    __rt_lib_init_rand_1                     0x00000229   Thumb Code     0  libinit2.o(.ARM.Collect$$libinit$$0000000E)
    __rt_lib_init_user_alloc_1               0x00000229   Thumb Code     0  libinit2.o(.ARM.Collect$$libinit$$0000000C)
    __rt_lib_init_lc_collate_1               0x0000022f   Thumb Code     0  libinit2.o(.ARM.Collect$$libinit$$00000011)
    __rt_lib_init_lc_ctype_2                 0x0000022f   Thumb Code     0  libinit2.o(.ARM.Collect$$libinit$$00000012)
    __rt_lib_init_lc_ctype_1                 0x0000023b   Thumb Code     0  libinit2.o(.ARM.Collect$$libinit$$00000013)
    __rt_lib_init_lc_monetary_1              0x0000023b   Thumb Code     0  libinit2.o(.ARM.Collect$$libinit$$00000015)
    __rt_lib_init_lc_numeric_2               0x0000023b   Thumb Code     0  libinit2.o(.ARM.Collect$$libinit$$00000016)
    __rt_lib_init_alloca_1                   0x00000245   Thumb Code     0  libinit2.o(.ARM.Collect$$libinit$$0000002E)
    __rt_lib_init_argv_1                     0x00000245   Thumb Code     0  libinit2.o(.ARM.Collect$$libinit$$0000002C)
    __rt_lib_init_atexit_1                   0x00000245   Thumb Code     0  libinit2.o(.ARM.Collect$$libinit$$0000001B)
    __rt_lib_init_clock_1                    0x00000245   Thumb Code     0  libinit2.o(.ARM.Collect$$libinit$$00000021)
    __rt_lib_init_cpp_1                      0x00000245   Thumb Code     0  libinit2.o(.ARM.Collect$$libinit$$00000032)
    __rt_lib_init_exceptions_1               0x00000245   Thumb Code     0  libinit2.o(.ARM.Collect$$libinit$$00000030)
    __rt_lib_init_fp_trap_1                  0x00000245   Thumb Code     0  libinit2.o(.ARM.Collect$$libinit$$0000001F)
    __rt_lib_init_getenv_1                   0x00000245   Thumb Code     0  libinit2.o(.ARM.Collect$$libinit$$00000023)
    __rt_lib_init_lc_numeric_1               0x00000245   Thumb Code     0  libinit2.o(.ARM.Collect$$libinit$$00000017)
    __rt_lib_init_lc_time_1                  0x00000245   Thumb Code     0  libinit2.o(.ARM.Collect$$libinit$$00000019)
    __rt_lib_init_return                     0x00000245   Thumb Code     0  libinit2.o(.ARM.Collect$$libinit$$00000033)
    __rt_lib_init_signal_1                   0x00000245   Thumb Code     0  libinit2.o(.ARM.Collect$$libinit$$0000001D)
    __rt_lib_init_stdio_1                    0x00000245   Thumb Code     0  libinit2.o(.ARM.Collect$$libinit$$00000025)
    __rt_lib_shutdown                        0x00000247   Thumb Code     0  libshutdown.o(.ARM.Collect$$libshutdown$$00000000)
    __rt_lib_shutdown_cpp_1                  0x00000249   Thumb Code     0  libshutdown2.o(.ARM.Collect$$libshutdown$$00000002)
    __rt_lib_shutdown_fp_trap_1              0x00000249   Thumb Code     0  libshutdown2.o(.ARM.Collect$$libshutdown$$00000007)
    __rt_lib_shutdown_heap_1                 0x00000249   Thumb Code     0  libshutdown2.o(.ARM.Collect$$libshutdown$$0000000F)
    __rt_lib_shutdown_return                 0x00000249   Thumb Code     0  libshutdown2.o(.ARM.Collect$$libshutdown$$00000010)
    __rt_lib_shutdown_signal_1               0x00000249   Thumb Code     0  libshutdown2.o(.ARM.Collect$$libshutdown$$0000000A)
    __rt_lib_shutdown_stdio_1                0x00000249   Thumb Code     0  libshutdown2.o(.ARM.Collect$$libshutdown$$00000004)
    __rt_lib_shutdown_user_alloc_1           0x00000249   Thumb Code     0  libshutdown2.o(.ARM.Collect$$libshutdown$$0000000C)
    __rt_entry                               0x0000024b   Thumb Code     0  __rtentry.o(.ARM.Collect$$rtentry$$00000000)
    __rt_entry_presh_1                       0x0000024b   Thumb Code     0  __rtentry2.o(.ARM.Collect$$rtentry$$00000002)
    __rt_entry_sh                            0x0000024b   Thumb Code     0  __rtentry4.o(.ARM.Collect$$rtentry$$00000004)
    __rt_entry_li                            0x00000251   Thumb Code     0  __rtentry2.o(.ARM.Collect$$rtentry$$0000000A)
    __rt_entry_postsh_1                      0x00000251   Thumb Code     0  __rtentry2.o(.ARM.Collect$$rtentry$$00000009)
    __rt_entry_main                          0x00000255   Thumb Code     0  __rtentry2.o(.ARM.Collect$$rtentry$$0000000D)
    __rt_entry_postli_1                      0x00000255   Thumb Code     0  __rtentry2.o(.ARM.Collect$$rtentry$$0000000C)
    __rt_exit                                0x0000025d   Thumb Code     0  rtexit.o(.ARM.Collect$$rtexit$$00000000)
    __rt_exit_ls                             0x0000025f   Thumb Code     0  rtexit2.o(.ARM.Collect$$rtexit$$00000003)
    __rt_exit_prels_1                        0x0000025f   Thumb Code     0  rtexit2.o(.ARM.Collect$$rtexit$$00000002)
    __rt_exit_exit                           0x00000263   Thumb Code     0  rtexit2.o(.ARM.Collect$$rtexit$$00000004)
    Reset_Handler                            0x00000269   Thumb Code     4  startup_mspm0g350x_uvision.o(.text)
    NMI_Handler                              0x0000026d   Thumb Code     2  startup_mspm0g350x_uvision.o(.text)
    HardFault_Handler                        0x0000026f   Thumb Code     2  startup_mspm0g350x_uvision.o(.text)
    SVC_Handler                              0x00000271   Thumb Code     2  startup_mspm0g350x_uvision.o(.text)
    PendSV_Handler                           0x00000273   Thumb Code     2  startup_mspm0g350x_uvision.o(.text)
    SysTick_Handler                          0x00000275   Thumb Code     2  startup_mspm0g350x_uvision.o(.text)
    ADC0_IRQHandler                          0x00000277   Thumb Code     0  startup_mspm0g350x_uvision.o(.text)
    ADC1_IRQHandler                          0x00000277   Thumb Code     0  startup_mspm0g350x_uvision.o(.text)
    AES_IRQHandler                           0x00000277   Thumb Code     0  startup_mspm0g350x_uvision.o(.text)
    CANFD0_IRQHandler                        0x00000277   Thumb Code     0  startup_mspm0g350x_uvision.o(.text)
    DAC0_IRQHandler                          0x00000277   Thumb Code     0  startup_mspm0g350x_uvision.o(.text)
    DMA_IRQHandler                           0x00000277   Thumb Code     0  startup_mspm0g350x_uvision.o(.text)
    Default_Handler                          0x00000277   Thumb Code     2  startup_mspm0g350x_uvision.o(.text)
    GROUP0_IRQHandler                        0x00000277   Thumb Code     0  startup_mspm0g350x_uvision.o(.text)
    I2C0_IRQHandler                          0x00000277   Thumb Code     0  startup_mspm0g350x_uvision.o(.text)
    I2C1_IRQHandler                          0x00000277   Thumb Code     0  startup_mspm0g350x_uvision.o(.text)
    RTC_IRQHandler                           0x00000277   Thumb Code     0  startup_mspm0g350x_uvision.o(.text)
    SPI0_IRQHandler                          0x00000277   Thumb Code     0  startup_mspm0g350x_uvision.o(.text)
    SPI1_IRQHandler                          0x00000277   Thumb Code     0  startup_mspm0g350x_uvision.o(.text)
    TIMA0_IRQHandler                         0x00000277   Thumb Code     0  startup_mspm0g350x_uvision.o(.text)
    TIMA1_IRQHandler                         0x00000277   Thumb Code     0  startup_mspm0g350x_uvision.o(.text)
    TIMG12_IRQHandler                        0x00000277   Thumb Code     0  startup_mspm0g350x_uvision.o(.text)
    TIMG6_IRQHandler                         0x00000277   Thumb Code     0  startup_mspm0g350x_uvision.o(.text)
    TIMG7_IRQHandler                         0x00000277   Thumb Code     0  startup_mspm0g350x_uvision.o(.text)
    TIMG8_IRQHandler                         0x00000277   Thumb Code     0  startup_mspm0g350x_uvision.o(.text)
    UART1_IRQHandler                         0x00000277   Thumb Code     0  startup_mspm0g350x_uvision.o(.text)
    UART2_IRQHandler                         0x00000277   Thumb Code     0  startup_mspm0g350x_uvision.o(.text)
    UART3_IRQHandler                         0x00000277   Thumb Code     0  startup_mspm0g350x_uvision.o(.text)
    __user_initial_stackheap                 0x00000279   Thumb Code    10  startup_mspm0g350x_uvision.o(.text)
    printf                                   0x00000299   Thumb Code    22  printf.o(.text)
    __aeabi_uidiv                            0x000002b5   Thumb Code     0  aeabi_sdiv.o(.text)
    __aeabi_uidivmod                         0x000002b5   Thumb Code    20  aeabi_sdiv.o(.text)
    __aeabi_idiv                             0x000002c9   Thumb Code     0  aeabi_sdiv.o(.text)
    __aeabi_idivmod                          0x000002c9   Thumb Code   338  aeabi_sdiv.o(.text)
    __use_two_region_memory                  0x00000421   Thumb Code     2  heapauxi.o(.text)
    __rt_heap_escrow$2region                 0x00000423   Thumb Code     2  heapauxi.o(.text)
    __rt_heap_expand$2region                 0x00000425   Thumb Code     2  heapauxi.o(.text)
    __aeabi_d2f                              0x00000429   Thumb Code     0  d2f.o(.text)
    _d2f                                     0x00000429   Thumb Code   120  d2f.o(.text)
    __aeabi_dadd                             0x0000079d   Thumb Code     0  daddsub.o(.text)
    _dadd                                    0x0000079d   Thumb Code    26  daddsub.o(.text)
    __aeabi_dsub                             0x000007b7   Thumb Code     0  daddsub.o(.text)
    _dsub                                    0x000007b7   Thumb Code    22  daddsub.o(.text)
    __aeabi_drsub                            0x000007cd   Thumb Code     0  daddsub.o(.text)
    _drsb                                    0x000007cd   Thumb Code    28  daddsub.o(.text)
    __aeabi_i2d_normalise                    0x000007fd   Thumb Code    66  dflti.o(.text)
    __aeabi_i2d                              0x0000083f   Thumb Code    16  dflti.o(.text)
    _dflt                                    0x0000083f   Thumb Code     0  dflti.o(.text)
    __aeabi_ui2d                             0x0000084f   Thumb Code     6  dflti.o(.text)
    _dfltu                                   0x0000084f   Thumb Code     0  dflti.o(.text)
    __aeabi_dmul                             0x00000855   Thumb Code     0  dmul.o(.text)
    _dmul                                    0x00000855   Thumb Code   558  dmul.o(.text)
    __aeabi_f2d                              0x00000a9d   Thumb Code     0  f2d.o(.text)
    _f2d                                     0x00000a9d   Thumb Code    80  f2d.o(.text)
    __aeabi_fdiv                             0x00000af1   Thumb Code     0  fdiv.o(.text)
    _fdiv                                    0x00000af1   Thumb Code   334  fdiv.o(.text)
    _frdiv                                   0x00000c3f   Thumb Code     8  fdiv.o(.text)
    __aeabi_f2iz                             0x00000c51   Thumb Code     0  ffixi.o(.text)
    _ffix                                    0x00000c51   Thumb Code    76  ffixi.o(.text)
    __aeabi_i2f_normalise                    0x00000c9d   Thumb Code    72  fflti.o(.text)
    __aeabi_i2f                              0x00000ce5   Thumb Code    16  fflti.o(.text)
    _fflt                                    0x00000ce5   Thumb Code     0  fflti.o(.text)
    __aeabi_ui2f                             0x00000cf5   Thumb Code     6  fflti.o(.text)
    _ffltu                                   0x00000cf5   Thumb Code     0  fflti.o(.text)
    _printf_pre_padding                      0x00000cfb   Thumb Code    44  _printf_pad.o(.text)
    _printf_post_padding                     0x00000d27   Thumb Code    34  _printf_pad.o(.text)
    _printf_truncate_signed                  0x00000d49   Thumb Code    18  _printf_truncate.o(.text)
    _printf_truncate_unsigned                0x00000d5b   Thumb Code    18  _printf_truncate.o(.text)
    _printf_str                              0x00000d6d   Thumb Code    82  _printf_str.o(.text)
    _printf_int_dec                          0x00000dc1   Thumb Code    90  _printf_dec.o(.text)
    _printf_charcount                        0x00000e2d   Thumb Code    38  _printf_charcount.o(.text)
    _printf_char_file                        0x00000e55   Thumb Code    34  _printf_char_file.o(.text)
    _printf_wctomb                           0x00000e7d   Thumb Code   182  _printf_wctomb.o(.text)
    _printf_longlong_dec                     0x00000f39   Thumb Code    94  _printf_longlong_dec.o(.text)
    _printf_longlong_oct                     0x00000fa9   Thumb Code    68  _printf_oct_int_ll.o(.text)
    _printf_int_oct                          0x00000fed   Thumb Code    24  _printf_oct_int_ll.o(.text)
    _printf_ll_oct                           0x00001005   Thumb Code    10  _printf_oct_int_ll.o(.text)
    _printf_longlong_hex                     0x00001019   Thumb Code    88  _printf_hex_int_ll_ptr.o(.text)
    _printf_int_hex                          0x00001071   Thumb Code    28  _printf_hex_int_ll_ptr.o(.text)
    _printf_ll_hex                           0x0000108d   Thumb Code    10  _printf_hex_int_ll_ptr.o(.text)
    _printf_hex_ptr                          0x00001097   Thumb Code    22  _printf_hex_int_ll_ptr.o(.text)
    __printf                                 0x000010b1   Thumb Code   386  __printf_flags_ss_wp.o(.text)
    _ll_udiv10                               0x00001239   Thumb Code   122  lludiv10.o(.text)
    _printf_int_common                       0x000012b3   Thumb Code   176  _printf_intcommon.o(.text)
    _printf_fp_dec_real                      0x00001501   Thumb Code   620  _printf_fp_dec.o(.text)
    _printf_fp_hex_real                      0x00001779   Thumb Code   718  _printf_fp_hex.o(.text)
    _printf_char_common                      0x00001a5b   Thumb Code    32  _printf_char_common.o(.text)
    _printf_cs_common                        0x00001a81   Thumb Code    22  _printf_char.o(.text)
    _printf_char                             0x00001a97   Thumb Code    16  _printf_char.o(.text)
    _printf_string                           0x00001aa7   Thumb Code     8  _printf_char.o(.text)
    _printf_lcs_common                       0x00001aaf   Thumb Code    22  _printf_wchar.o(.text)
    _printf_wchar                            0x00001ac5   Thumb Code    16  _printf_wchar.o(.text)
    _printf_wstring                          0x00001ad5   Thumb Code     8  _printf_wchar.o(.text)
    ferror                                   0x00001add   Thumb Code     8  ferror.o(.text)
    _c16rtomb                                0x00001ae5   Thumb Code    66  _c16rtomb.o(.text)
    _wcrtomb                                 0x00001ae5   Thumb Code     0  _c16rtomb.o(.text)
    __rt_udiv10                              0x00001b27   Thumb Code    40  rtudiv10.o(.text)
    __fpl_fcmp_InfNaN                        0x00001b51   Thumb Code    96  fcmpin.o(.text)
    __user_libspace                          0x00001bb5   Thumb Code     8  libspace.o(.text)
    __user_perproc_libspace                  0x00001bb5   Thumb Code     0  libspace.o(.text)
    __user_perthread_libspace                0x00001bb5   Thumb Code     0  libspace.o(.text)
    __user_setup_stackheap                   0x00001bbd   Thumb Code    62  sys_stackheap_outer.o(.text)
    __rt_ctype_table                         0x00001bfd   Thumb Code    16  rt_ctype_table.o(.text)
    __rt_locale                              0x00001c0d   Thumb Code     8  rt_locale_intlibspace.o(.text)
    _printf_fp_infnan                        0x00001c15   Thumb Code   120  _printf_fp_infnan.o(.text)
    _btod_etento                             0x00001c9d   Thumb Code   210  bigflt0.o(.text)
    _btod_d2e                                0x00001d75   Thumb Code    64  btod.o(.text)
    _btod_emul                               0x000021a9   Thumb Code    28  btod.o(.text)
    _btod_emuld                              0x000021c5   Thumb Code   144  btod.o(.text)
    _btod_ediv                               0x00002255   Thumb Code    26  btod.o(.text)
    _btod_edivd                              0x0000226f   Thumb Code   124  btod.o(.text)
    exit                                     0x000022f5   Thumb Code    16  exit.o(.text)
    __fpl_cmpreturn                          0x00002305   Thumb Code    46  cmpret.o(.text)
    __fpl_fcheck_NaN2                        0x00002335   Thumb Code    10  fnan2.o(.text)
    strcmp                                   0x00002345   Thumb Code   132  strcmp.o(.text)
    __fpl_return_NaN                         0x000023cd   Thumb Code    94  retnan.o(.text)
    BEEP_time                                0x0000242d   Thumb Code    60  hled_key.o(.text.BEEP_time)
    DL_Common_delayCycles                    0x00002471   Thumb Code    20  dl_common.o(.text.DL_Common_delayCycles)
    DL_SPI_init                              0x000027c9   Thumb Code    64  dl_spi.o(.text.DL_SPI_init)
    DL_SPI_setClockConfig                    0x00002875   Thumb Code    32  dl_spi.o(.text.DL_SPI_setClockConfig)
    DL_Timer_initPWMMode                     0x000029c5   Thumb Code   260  dl_timer.o(.text.DL_Timer_initPWMMode)
    DL_Timer_initTimerMode                   0x00002ad1   Thumb Code   252  dl_timer.o(.text.DL_Timer_initTimerMode)
    DL_Timer_setCaptCompUpdateMethod         0x00002bf9   Thumb Code    48  dl_timer.o(.text.DL_Timer_setCaptCompUpdateMethod)
    DL_Timer_setCaptureCompareAction         0x00002c29   Thumb Code    44  dl_timer.o(.text.DL_Timer_setCaptureCompareAction)
    DL_Timer_setCaptureCompareCtl            0x00002c5d   Thumb Code    52  dl_timer.o(.text.DL_Timer_setCaptureCompareCtl)
    DL_Timer_setCaptureCompareInput          0x00002c99   Thumb Code    52  dl_timer.o(.text.DL_Timer_setCaptureCompareInput)
    DL_Timer_setCaptureCompareOutCtl         0x00002ccd   Thumb Code    60  dl_timer.o(.text.DL_Timer_setCaptureCompareOutCtl)
    DL_Timer_setCaptureCompareValue          0x00002d0d   Thumb Code    40  dl_timer.o(.text.DL_Timer_setCaptureCompareValue)
    DL_Timer_setClockConfig                  0x00002d39   Thumb Code    44  dl_timer.o(.text.DL_Timer_setClockConfig)
    DL_UART_init                             0x00002e29   Thumb Code    68  dl_uart.o(.text.DL_UART_init)
    DL_UART_setClockConfig                   0x00002f01   Thumb Code    32  dl_uart.o(.text.DL_UART_setClockConfig)
    DerectError_Get                          0x00002f59   Thumb Code    82  my_pid.o(.text.DerectError_Get)
    DifferControl                            0x00002fad   Thumb Code   116  my_pid.o(.text.DifferControl)
    Direction_out                            0x00003025   Thumb Code   300  my_pid.o(.text.Direction_out)
    GROUP1_IRQHandler                        0x0000316d   Thumb Code   236  encoder.o(.text.GROUP1_IRQHandler)
    Gray_erro                                0x00003261   Thumb Code   264  gray.o(.text.Gray_erro)
    Gray_get                                 0x00003375   Thumb Code   244  gray.o(.text.Gray_get)
    GyroOffsets                              0x00003475   Thumb Code   200  a_imu66ra.o(.text.GyroOffsets)
    ICM_OneOrderFilter                       0x0000353d   Thumb Code   228  a_imu66ra.o(.text.ICM_OneOrderFilter)
    Key_Pro                                  0x0000363d   Thumb Code   344  seekfree_mspm0g3507_device_library.o(.text.Key_Pro)
    PID_DT                                   0x00003805   Thumb Code   226  my_pid.o(.text.PID_DT)
    RGB_led                                  0x000038e9   Thumb Code   160  hled_key.o(.text.RGB_led)
    SYSCFG_DL_GPIO_init                      0x000039dd   Thumb Code   592  ti_msp_dl_config.o(.text.SYSCFG_DL_GPIO_init)
    SYSCFG_DL_PWM_Motor_init                 0x00003c41   Thumb Code   116  ti_msp_dl_config.o(.text.SYSCFG_DL_PWM_Motor_init)
    SYSCFG_DL_SPI_FOR_IMU_init               0x00003cc5   Thumb Code    52  ti_msp_dl_config.o(.text.SYSCFG_DL_SPI_FOR_IMU_init)
    SYSCFG_DL_SYSCTL_init                    0x00003d01   Thumb Code    34  ti_msp_dl_config.o(.text.SYSCFG_DL_SYSCTL_init)
    SYSCFG_DL_SYSTICK_init                   0x00003d23   Thumb Code    14  ti_msp_dl_config.o(.text.SYSCFG_DL_SYSTICK_init)
    SYSCFG_DL_TIMER_0_init                   0x00003d31   Thumb Code    40  ti_msp_dl_config.o(.text.SYSCFG_DL_TIMER_0_init)
    SYSCFG_DL_UART_0_init                    0x00003d61   Thumb Code    72  ti_msp_dl_config.o(.text.SYSCFG_DL_UART_0_init)
    SYSCFG_DL_init                           0x00003db1   Thumb Code    44  ti_msp_dl_config.o(.text.SYSCFG_DL_init)
    SYSCFG_DL_initPower                      0x00003de1   Thumb Code   100  ti_msp_dl_config.o(.text.SYSCFG_DL_initPower)
    Speed_Get                                0x00003e59   Thumb Code   164  motor.o(.text.Speed_Get)
    TIMG0_IRQHandler                         0x00003f11   Thumb Code   200  seekfree_mspm0g3507_device_library.o(.text.TIMG0_IRQHandler)
    UART0_IRQHandler                         0x00003fe9   Thumb Code    88  board.o(.text.UART0_IRQHandler)
    _sys_exit                                0x00004159   Thumb Code     8  board.o(.text._sys_exit)
    board_init                               0x00004161   Thumb Code    32  board.o(.text.board_init)
    debug_message_handler                    0x00004185   Thumb Code    28  zf_common_debug.o(.text.debug_message_handler)
    delay_ms                                 0x000041a1   Thumb Code    22  board.o(.text.delay_ms)
    delay_us                                 0x000041b9   Thumb Code   108  board.o(.text.delay_us)
    fputc                                    0x0000422d   Thumb Code    40  board.o(.text.fputc)
    handle_initial_state                     0x00004259   Thumb Code    32  seekfree_mspm0g3507_device_library.o(.text.handle_initial_state)
    handle_question_1                        0x0000427d   Thumb Code   116  seekfree_mspm0g3507_device_library.o(.text.handle_question_1)
    handle_question_2                        0x000042f5   Thumb Code   380  seekfree_mspm0g3507_device_library.o(.text.handle_question_2)
    handle_question_2_1                      0x00004475   Thumb Code   380  seekfree_mspm0g3507_device_library.o(.text.handle_question_2_1)
    handle_question_3                        0x0000461d   Thumb Code   380  seekfree_mspm0g3507_device_library.o(.text.handle_question_3)
    handle_question_3_1                      0x000047c9   Thumb Code   380  seekfree_mspm0g3507_device_library.o(.text.handle_question_3_1)
    handle_question_4                        0x00004975   Thumb Code   480  seekfree_mspm0g3507_device_library.o(.text.handle_question_4)
    handle_question_4_1                      0x00004b95   Thumb Code   408  seekfree_mspm0g3507_device_library.o(.text.handle_question_4_1)
    handle_question_4_low                    0x00004d61   Thumb Code   436  seekfree_mspm0g3507_device_library.o(.text.handle_question_4_low)
    handle_question_4_low_1                  0x00004f49   Thumb Code   436  seekfree_mspm0g3507_device_library.o(.text.handle_question_4_low_1)
    handle_question_4_low_ll                 0x00005139   Thumb Code   412  seekfree_mspm0g3507_device_library.o(.text.handle_question_4_low_ll)
    imu660ra_get_gyro                        0x00005579   Thumb Code    20  zf_device_imu660ra.o(.text.imu660ra_get_gyro)
    imu660ra_init                            0x0000558d   Thumb Code   124  zf_device_imu660ra.o(.text.imu660ra_init)
    imu_assert                               0x00005619   Thumb Code    60  zf_device_imu_interface.o(.text.imu_assert)
    imu_delay_ms                             0x00005655   Thumb Code    16  zf_device_imu_interface.o(.text.imu_delay_ms)
    imu_interface_deinit                     0x00005665   Thumb Code    26  zf_device_imu_interface.o(.text.imu_interface_deinit)
    imu_interface_init                       0x0000567f   Thumb Code    26  zf_device_imu_interface.o(.text.imu_interface_init)
    imu_read_8bit_register                   0x00005699   Thumb Code   148  zf_device_imu_interface.o(.text.imu_read_8bit_register)
    imu_read_8bit_registers                  0x0000572d   Thumb Code   168  zf_device_imu_interface.o(.text.imu_read_8bit_registers)
    imu_write_8bit_register                  0x000057d5   Thumb Code   140  zf_device_imu_interface.o(.text.imu_write_8bit_register)
    imu_write_8bit_registers                 0x00005861   Thumb Code   164  zf_device_imu_interface.o(.text.imu_write_8bit_registers)
    is_element                               0x0000590d   Thumb Code   212  seekfree_mspm0g3507_device_library.o(.text.is_element)
    key_scan                                 0x000059e5   Thumb Code   224  hled_key.o(.text.key_scan)
    main                                     0x00005ac9   Thumb Code   136  seekfree_mspm0g3507_device_library.o(.text.main)
    motor_turn                               0x00005b69   Thumb Code   172  motor.o(.text.motor_turn)
    mypid_init                               0x00005c21   Thumb Code    56  my_pid.o(.text.mypid_init)
    pid_clear                                0x00005c6d   Thumb Code    36  my_pid.o(.text.pid_clear)
    uart0_send_char                          0x00005d19   Thumb Code    40  board.o(.text.uart0_send_char)
    __ARM_common_ll_muluu                    0x00005d45   Thumb Code    48  btod.o(i.__ARM_common_ll_muluu)
    __ARM_fpclassify                         0x00005d75   Thumb Code    40  fpclassify.o(i.__ARM_fpclassify)
    __aeabi_fcmpge                           0x00005da1   Thumb Code     0  fcmp.o(i._fgeq)
    _fgeq                                    0x00005da1   Thumb Code    22  fcmp.o(i._fgeq)
    __aeabi_fcmple                           0x00005db7   Thumb Code     0  fcmp.o(i._fleq)
    _fleq                                    0x00005db7   Thumb Code    26  fcmp.o(i._fleq)
    _is_digit                                0x00005dd1   Thumb Code    14  __printf_wp.o(i._is_digit)
    _get_lc_numeric                          0x00005de1   Thumb Code    44  lc_numeric_c.o(locale$$code)
    _get_lc_ctype                            0x00005e0d   Thumb Code    44  lc_ctype_c.o(locale$$code)
    __aeabi_fadd                             0x00005e39   Thumb Code     0  faddsub.o(x$fpl$fadd)
    _fadd                                    0x00005e39   Thumb Code   134  faddsub.o(x$fpl$fadd)
    _fcmpge                                  0x00005ec5   Thumb Code    78  fgef.o(x$fpl$fgeqf)
    __aeabi_cfcmple                          0x00005f19   Thumb Code     0  flef.o(x$fpl$fleqf)
    _fcmple                                  0x00005f19   Thumb Code    78  flef.o(x$fpl$fleqf)
    __aeabi_fmul                             0x00005f6d   Thumb Code     0  fmul.o(x$fpl$fmul)
    _fmul                                    0x00005f6d   Thumb Code   172  fmul.o(x$fpl$fmul)
    __aeabi_fsub                             0x0000601d   Thumb Code     0  faddsub.o(x$fpl$fsub)
    _fsub                                    0x0000601d   Thumb Code   204  faddsub.o(x$fpl$fsub)
    _printf_fp_dec                           0x000060ed   Thumb Code    16  printf1.o(x$fpl$printf1)
    _printf_fp_hex                           0x000060fd   Thumb Code    16  printf2.o(x$fpl$printf2)
    __I$use$fp                               0x0000610c   Number         0  usenofp.o(x$fpl$usenofp)
    imu660ra_config_file                     0x000062b4   Data        8192  zf_device_imu660ra.o(.rodata.imu660ra_config_file)
    Region$$Table$$Base                      0x00008428   Number         0  anon$$obj.o(Region$$Table)
    Region$$Table$$Limit                     0x00008448   Number         0  anon$$obj.o(Region$$Table)
    __ctype                                  0x00008471   Data           0  lc_ctype_c.o(locale$$data)
    Key_long_time                            0x20200000   Data           2  seekfree_mspm0g3507_device_library.o(.data.Key_long_time)
    imu_interface_default_obj                0x20200004   Data          28  zf_device_imu_interface.o(.data.imu_interface_default_obj)
    __libspace_start                         0x20200020   Data          96  libspace.o(.bss)
    BEEP_Count                               0x20200080   Data           1  hled_key.o(.bss.BEEP_Count)
    __temporary_stack_top$libspace           0x20200080   Data           0  libspace.o(.bss)
    Gray_Val                                 0x20200081   Data          12  gray.o(.bss.Gray_Val)
    IMUdata                                  0x20200090   Data          24  a_imu66ra.o(.bss.IMUdata)
    Question                                 0x202000a9   Data           1  seekfree_mspm0g3507_device_library.o(.bss.Question)
    Question_flag                            0x202000aa   Data           1  seekfree_mspm0g3507_device_library.o(.bss.Question_flag)
    Speed                                    0x202000ac   Data          28  my_pid.o(.bss.Speed)
    Step1                                    0x202000dc   Data           4  motor.o(.bss.Step1)
    __stdout                                 0x202000e0   Data          84  board.o(.bss.__stdout)
    encoder_L                                0x20200134   Data           2  encoder.o(.bss.encoder_L)
    encoder_R                                0x20200136   Data           2  encoder.o(.bss.encoder_R)
    gSPI_FOR_IMUBackup                       0x20200138   Data          40  ti_msp_dl_config.o(.bss.gSPI_FOR_IMUBackup)
    gyro_data                                0x20200160   Data           6  zf_device_imu660ra.o(.bss.gyro_data)
    pit_flag                                 0x2020016a   Data           1  seekfree_mspm0g3507_device_library.o(.bss.pit_flag)
    price                                    0x2020016c   Data          84  my_pid.o(.bss.price)
    question_ek                              0x202001c0   Data           4  seekfree_mspm0g3507_device_library.o(.bss.question_ek)
    question_eks                             0x202001c4   Data           4  seekfree_mspm0g3507_device_library.o(.bss.question_eks)
    recv0_buff                               0x202001c8   Data         128  board.o(.bss.recv0_buff)
    recv0_flag                               0x20200248   Data           1  board.o(.bss.recv0_flag)
    recv0_length                             0x2020024a   Data           2  board.o(.bss.recv0_length)



==============================================================================

Memory Map of the image

  Image Entry point : 0x000000c1

  Load Region LR_IROM1 (Base: 0x00000000, Size: 0x00008598, Max: 0x00020000, ABSOLUTE)

    Execution Region ER_IROM1 (Exec base: 0x00000000, Load base: 0x00000000, Size: 0x00008574, Max: 0x00020000, ABSOLUTE)

    Exec Addr    Load Addr    Size         Type   Attr      Idx    E Section Name        Object

    0x00000000   0x00000000   0x000000c0   Data   RO          224    RESET               startup_mspm0g350x_uvision.o
    0x000000c0   0x000000c0   0x00000008   Code   RO         1603  * !!!main             c_p.l(__main.o)
    0x000000c8   0x000000c8   0x0000003c   Code   RO         2056    !!!scatter          c_p.l(__scatter.o)
    0x00000104   0x00000104   0x00000004   PAD
    0x00000108   0x00000108   0x0000001a   Code   RO         2058    !!handler_copy      c_p.l(__scatter_copy.o)
    0x00000122   0x00000122   0x00000006   PAD
    0x00000128   0x00000128   0x0000001c   Code   RO         2060    !!handler_zi        c_p.l(__scatter_zi.o)
    0x00000144   0x00000144   0x00000002   Code   RO         1751    .ARM.Collect$$_printf_percent$$00000000  c_p.l(_printf_percent.o)
    0x00000146   0x00000146   0x0000000a   Code   RO         1740    .ARM.Collect$$_printf_percent$$00000001  c_p.l(_printf_n.o)
    0x00000150   0x00000150   0x0000000a   Code   RO         1742    .ARM.Collect$$_printf_percent$$00000002  c_p.l(_printf_p.o)
    0x0000015a   0x0000015a   0x0000000a   Code   RO         1747    .ARM.Collect$$_printf_percent$$00000003  c_p.l(_printf_f.o)
    0x00000164   0x00000164   0x0000000a   Code   RO         1748    .ARM.Collect$$_printf_percent$$00000004  c_p.l(_printf_e.o)
    0x0000016e   0x0000016e   0x0000000a   Code   RO         1749    .ARM.Collect$$_printf_percent$$00000005  c_p.l(_printf_g.o)
    0x00000178   0x00000178   0x0000000a   Code   RO         1750    .ARM.Collect$$_printf_percent$$00000006  c_p.l(_printf_a.o)
    0x00000182   0x00000182   0x0000000a   Code   RO         1755    .ARM.Collect$$_printf_percent$$00000007  c_p.l(_printf_ll.o)
    0x0000018c   0x0000018c   0x0000000a   Code   RO         1744    .ARM.Collect$$_printf_percent$$00000008  c_p.l(_printf_i.o)
    0x00000196   0x00000196   0x0000000a   Code   RO         1745    .ARM.Collect$$_printf_percent$$00000009  c_p.l(_printf_d.o)
    0x000001a0   0x000001a0   0x0000000a   Code   RO         1746    .ARM.Collect$$_printf_percent$$0000000A  c_p.l(_printf_u.o)
    0x000001aa   0x000001aa   0x0000000a   Code   RO         1743    .ARM.Collect$$_printf_percent$$0000000B  c_p.l(_printf_o.o)
    0x000001b4   0x000001b4   0x0000000a   Code   RO         1741    .ARM.Collect$$_printf_percent$$0000000C  c_p.l(_printf_x.o)
    0x000001be   0x000001be   0x0000000a   Code   RO         1752    .ARM.Collect$$_printf_percent$$0000000D  c_p.l(_printf_lli.o)
    0x000001c8   0x000001c8   0x0000000a   Code   RO         1753    .ARM.Collect$$_printf_percent$$0000000E  c_p.l(_printf_lld.o)
    0x000001d2   0x000001d2   0x0000000a   Code   RO         1754    .ARM.Collect$$_printf_percent$$0000000F  c_p.l(_printf_llu.o)
    0x000001dc   0x000001dc   0x0000000a   Code   RO         1759    .ARM.Collect$$_printf_percent$$00000010  c_p.l(_printf_llo.o)
    0x000001e6   0x000001e6   0x0000000a   Code   RO         1760    .ARM.Collect$$_printf_percent$$00000011  c_p.l(_printf_llx.o)
    0x000001f0   0x000001f0   0x0000000a   Code   RO         1756    .ARM.Collect$$_printf_percent$$00000012  c_p.l(_printf_l.o)
    0x000001fa   0x000001fa   0x0000000a   Code   RO         1738    .ARM.Collect$$_printf_percent$$00000013  c_p.l(_printf_c.o)
    0x00000204   0x00000204   0x0000000a   Code   RO         1739    .ARM.Collect$$_printf_percent$$00000014  c_p.l(_printf_s.o)
    0x0000020e   0x0000020e   0x0000000a   Code   RO         1757    .ARM.Collect$$_printf_percent$$00000015  c_p.l(_printf_lc.o)
    0x00000218   0x00000218   0x0000000a   Code   RO         1758    .ARM.Collect$$_printf_percent$$00000016  c_p.l(_printf_ls.o)
    0x00000222   0x00000222   0x00000004   Code   RO         1848    .ARM.Collect$$_printf_percent$$00000017  c_p.l(_printf_percent_end.o)
    0x00000226   0x00000226   0x00000002   Code   RO         1908    .ARM.Collect$$libinit$$00000000  c_p.l(libinit.o)
    0x00000228   0x00000228   0x00000000   Code   RO         1934    .ARM.Collect$$libinit$$00000002  c_p.l(libinit2.o)
    0x00000228   0x00000228   0x00000000   Code   RO         1936    .ARM.Collect$$libinit$$00000004  c_p.l(libinit2.o)
    0x00000228   0x00000228   0x00000000   Code   RO         1939    .ARM.Collect$$libinit$$0000000A  c_p.l(libinit2.o)
    0x00000228   0x00000228   0x00000000   Code   RO         1941    .ARM.Collect$$libinit$$0000000C  c_p.l(libinit2.o)
    0x00000228   0x00000228   0x00000000   Code   RO         1943    .ARM.Collect$$libinit$$0000000E  c_p.l(libinit2.o)
    0x00000228   0x00000228   0x00000006   Code   RO         1944    .ARM.Collect$$libinit$$0000000F  c_p.l(libinit2.o)
    0x0000022e   0x0000022e   0x00000000   Code   RO         1946    .ARM.Collect$$libinit$$00000011  c_p.l(libinit2.o)
    0x0000022e   0x0000022e   0x0000000c   Code   RO         1947    .ARM.Collect$$libinit$$00000012  c_p.l(libinit2.o)
    0x0000023a   0x0000023a   0x00000000   Code   RO         1948    .ARM.Collect$$libinit$$00000013  c_p.l(libinit2.o)
    0x0000023a   0x0000023a   0x00000000   Code   RO         1950    .ARM.Collect$$libinit$$00000015  c_p.l(libinit2.o)
    0x0000023a   0x0000023a   0x0000000a   Code   RO         1951    .ARM.Collect$$libinit$$00000016  c_p.l(libinit2.o)
    0x00000244   0x00000244   0x00000000   Code   RO         1952    .ARM.Collect$$libinit$$00000017  c_p.l(libinit2.o)
    0x00000244   0x00000244   0x00000000   Code   RO         1954    .ARM.Collect$$libinit$$00000019  c_p.l(libinit2.o)
    0x00000244   0x00000244   0x00000000   Code   RO         1956    .ARM.Collect$$libinit$$0000001B  c_p.l(libinit2.o)
    0x00000244   0x00000244   0x00000000   Code   RO         1958    .ARM.Collect$$libinit$$0000001D  c_p.l(libinit2.o)
    0x00000244   0x00000244   0x00000000   Code   RO         1960    .ARM.Collect$$libinit$$0000001F  c_p.l(libinit2.o)
    0x00000244   0x00000244   0x00000000   Code   RO         1962    .ARM.Collect$$libinit$$00000021  c_p.l(libinit2.o)
    0x00000244   0x00000244   0x00000000   Code   RO         1964    .ARM.Collect$$libinit$$00000023  c_p.l(libinit2.o)
    0x00000244   0x00000244   0x00000000   Code   RO         1966    .ARM.Collect$$libinit$$00000025  c_p.l(libinit2.o)
    0x00000244   0x00000244   0x00000000   Code   RO         1970    .ARM.Collect$$libinit$$0000002C  c_p.l(libinit2.o)
    0x00000244   0x00000244   0x00000000   Code   RO         1972    .ARM.Collect$$libinit$$0000002E  c_p.l(libinit2.o)
    0x00000244   0x00000244   0x00000000   Code   RO         1974    .ARM.Collect$$libinit$$00000030  c_p.l(libinit2.o)
    0x00000244   0x00000244   0x00000000   Code   RO         1976    .ARM.Collect$$libinit$$00000032  c_p.l(libinit2.o)
    0x00000244   0x00000244   0x00000002   Code   RO         1977    .ARM.Collect$$libinit$$00000033  c_p.l(libinit2.o)
    0x00000246   0x00000246   0x00000002   Code   RO         2009    .ARM.Collect$$libshutdown$$00000000  c_p.l(libshutdown.o)
    0x00000248   0x00000248   0x00000000   Code   RO         2040    .ARM.Collect$$libshutdown$$00000002  c_p.l(libshutdown2.o)
    0x00000248   0x00000248   0x00000000   Code   RO         2042    .ARM.Collect$$libshutdown$$00000004  c_p.l(libshutdown2.o)
    0x00000248   0x00000248   0x00000000   Code   RO         2045    .ARM.Collect$$libshutdown$$00000007  c_p.l(libshutdown2.o)
    0x00000248   0x00000248   0x00000000   Code   RO         2048    .ARM.Collect$$libshutdown$$0000000A  c_p.l(libshutdown2.o)
    0x00000248   0x00000248   0x00000000   Code   RO         2050    .ARM.Collect$$libshutdown$$0000000C  c_p.l(libshutdown2.o)
    0x00000248   0x00000248   0x00000000   Code   RO         2053    .ARM.Collect$$libshutdown$$0000000F  c_p.l(libshutdown2.o)
    0x00000248   0x00000248   0x00000002   Code   RO         2054    .ARM.Collect$$libshutdown$$00000010  c_p.l(libshutdown2.o)
    0x0000024a   0x0000024a   0x00000000   Code   RO         1665    .ARM.Collect$$rtentry$$00000000  c_p.l(__rtentry.o)
    0x0000024a   0x0000024a   0x00000000   Code   RO         1810    .ARM.Collect$$rtentry$$00000002  c_p.l(__rtentry2.o)
    0x0000024a   0x0000024a   0x00000006   Code   RO         1822    .ARM.Collect$$rtentry$$00000004  c_p.l(__rtentry4.o)
    0x00000250   0x00000250   0x00000000   Code   RO         1812    .ARM.Collect$$rtentry$$00000009  c_p.l(__rtentry2.o)
    0x00000250   0x00000250   0x00000004   Code   RO         1813    .ARM.Collect$$rtentry$$0000000A  c_p.l(__rtentry2.o)
    0x00000254   0x00000254   0x00000000   Code   RO         1815    .ARM.Collect$$rtentry$$0000000C  c_p.l(__rtentry2.o)
    0x00000254   0x00000254   0x00000008   Code   RO         1816    .ARM.Collect$$rtentry$$0000000D  c_p.l(__rtentry2.o)
    0x0000025c   0x0000025c   0x00000002   Code   RO         1918    .ARM.Collect$$rtexit$$00000000  c_p.l(rtexit.o)
    0x0000025e   0x0000025e   0x00000000   Code   RO         1981    .ARM.Collect$$rtexit$$00000002  c_p.l(rtexit2.o)
    0x0000025e   0x0000025e   0x00000004   Code   RO         1982    .ARM.Collect$$rtexit$$00000003  c_p.l(rtexit2.o)
    0x00000262   0x00000262   0x00000006   Code   RO         1983    .ARM.Collect$$rtexit$$00000004  c_p.l(rtexit2.o)
    0x00000268   0x00000268   0x00000030   Code   RO          225    .text               startup_mspm0g350x_uvision.o
    0x00000298   0x00000298   0x0000001c   Code   RO         1589    .text               c_p.l(printf.o)
    0x000002b4   0x000002b4   0x0000016c   Code   RO         1597    .text               c_p.l(aeabi_sdiv.o)
    0x00000420   0x00000420   0x00000006   Code   RO         1601    .text               c_p.l(heapauxi.o)
    0x00000426   0x00000426   0x00000002   PAD
    0x00000428   0x00000428   0x0000007c   Code   RO         1605    .text               fz_ps.l(d2f.o)
    0x000004a4   0x000004a4   0x00000358   Code   RO         1607    .text               fz_ps.l(daddsub.o)
    0x000007fc   0x000007fc   0x00000058   Code   RO         1628    .text               fz_ps.l(dflti.o)
    0x00000854   0x00000854   0x00000248   Code   RO         1630    .text               fz_ps.l(dmul.o)
    0x00000a9c   0x00000a9c   0x00000054   Code   RO         1632    .text               fz_ps.l(f2d.o)
    0x00000af0   0x00000af0   0x00000160   Code   RO         1652    .text               fz_ps.l(fdiv.o)
    0x00000c50   0x00000c50   0x0000004c   Code   RO         1655    .text               fz_ps.l(ffixi.o)
    0x00000c9c   0x00000c9c   0x0000005e   Code   RO         1657    .text               fz_ps.l(fflti.o)
    0x00000cfa   0x00000cfa   0x0000004e   Code   RO         1674    .text               c_p.l(_printf_pad.o)
    0x00000d48   0x00000d48   0x00000024   Code   RO         1676    .text               c_p.l(_printf_truncate.o)
    0x00000d6c   0x00000d6c   0x00000052   Code   RO         1678    .text               c_p.l(_printf_str.o)
    0x00000dbe   0x00000dbe   0x00000002   PAD
    0x00000dc0   0x00000dc0   0x0000006c   Code   RO         1680    .text               c_p.l(_printf_dec.o)
    0x00000e2c   0x00000e2c   0x00000026   Code   RO         1682    .text               c_p.l(_printf_charcount.o)
    0x00000e52   0x00000e52   0x00000002   PAD
    0x00000e54   0x00000e54   0x00000028   Code   RO         1684    .text               c_p.l(_printf_char_file.o)
    0x00000e7c   0x00000e7c   0x000000bc   Code   RO         1686    .text               c_p.l(_printf_wctomb.o)
    0x00000f38   0x00000f38   0x00000070   Code   RO         1689    .text               c_p.l(_printf_longlong_dec.o)
    0x00000fa8   0x00000fa8   0x00000070   Code   RO         1695    .text               c_p.l(_printf_oct_int_ll.o)
    0x00001018   0x00001018   0x00000098   Code   RO         1715    .text               c_p.l(_printf_hex_int_ll_ptr.o)
    0x000010b0   0x000010b0   0x00000188   Code   RO         1735    .text               c_p.l(__printf_flags_ss_wp.o)
    0x00001238   0x00001238   0x0000007a   Code   RO         1831    .text               c_p.l(lludiv10.o)
    0x000012b2   0x000012b2   0x000000b0   Code   RO         1833    .text               c_p.l(_printf_intcommon.o)
    0x00001362   0x00001362   0x00000002   PAD
    0x00001364   0x00001364   0x00000414   Code   RO         1835    .text               c_p.l(_printf_fp_dec.o)
    0x00001778   0x00001778   0x000002d8   Code   RO         1839    .text               c_p.l(_printf_fp_hex.o)
    0x00001a50   0x00001a50   0x00000030   Code   RO         1842    .text               c_p.l(_printf_char_common.o)
    0x00001a80   0x00001a80   0x0000002e   Code   RO         1844    .text               c_p.l(_printf_char.o)
    0x00001aae   0x00001aae   0x0000002e   Code   RO         1846    .text               c_p.l(_printf_wchar.o)
    0x00001adc   0x00001adc   0x00000008   Code   RO         1849    .text               c_p.l(ferror.o)
    0x00001ae4   0x00001ae4   0x00000042   Code   RO         1853    .text               c_p.l(_c16rtomb.o)
    0x00001b26   0x00001b26   0x00000028   Code   RO         1855    .text               c_p.l(rtudiv10.o)
    0x00001b4e   0x00001b4e   0x00000002   PAD
    0x00001b50   0x00001b50   0x00000064   Code   RO         1861    .text               fz_ps.l(fcmpin.o)
    0x00001bb4   0x00001bb4   0x00000008   Code   RO         1867    .text               c_p.l(libspace.o)
    0x00001bbc   0x00001bbc   0x0000003e   Code   RO         1870    .text               c_p.l(sys_stackheap_outer.o)
    0x00001bfa   0x00001bfa   0x00000002   PAD
    0x00001bfc   0x00001bfc   0x00000010   Code   RO         1873    .text               c_p.l(rt_ctype_table.o)
    0x00001c0c   0x00001c0c   0x00000008   Code   RO         1878    .text               c_p.l(rt_locale_intlibspace.o)
    0x00001c14   0x00001c14   0x00000088   Code   RO         1880    .text               c_p.l(_printf_fp_infnan.o)
    0x00001c9c   0x00001c9c   0x000000d8   Code   RO         1884    .text               c_p.l(bigflt0.o)
    0x00001d74   0x00001d74   0x00000580   Code   RO         1887    .text               c_p.l(btod.o)
    0x000022f4   0x000022f4   0x00000010   Code   RO         1897    .text               c_p.l(exit.o)
    0x00002304   0x00002304   0x0000002e   Code   RO         1909    .text               fz_ps.l(cmpret.o)
    0x00002332   0x00002332   0x00000002   PAD
    0x00002334   0x00002334   0x00000010   Code   RO         1913    .text               fz_ps.l(fnan2.o)
    0x00002344   0x00002344   0x00000088   Code   RO         1931    .text               c_p.l(strcmp.o)
    0x000023cc   0x000023cc   0x0000005e   Code   RO         1978    .text               fz_ps.l(retnan.o)
    0x0000242a   0x0000242a   0x00000002   PAD
    0x0000242c   0x0000242c   0x00000044   Code   RO          309    .text.BEEP_time     hled_key.o
    0x00002470   0x00002470   0x00000014   Code   RO         1375    .text.DL_Common_delayCycles  dl_common.o
    0x00002484   0x00002484   0x00000028   Code   RO          205    .text.DL_Common_updateReg  ti_msp_dl_config.o
    0x000024ac   0x000024ac   0x00000028   Code   RO          357    .text.DL_Common_updateReg  dl_uart.o
    0x000024d4   0x000024d4   0x00000028   Code   RO          447    .text.DL_Common_updateReg  dl_timer.o
    0x000024fc   0x000024fc   0x00000028   Code   RO          520    .text.DL_Common_updateReg  dl_spi.o
    0x00002524   0x00002524   0x00000018   Code   RO          165    .text.DL_GPIO_clearInterruptStatus  ti_msp_dl_config.o
    0x0000253c   0x0000253c   0x0000001c   Code   RO          329    .text.DL_GPIO_clearInterruptStatus  encoder.o
    0x00002558   0x00002558   0x00000014   Code   RO           30    .text.DL_GPIO_clearPins  seekfree_mspm0g3507_device_library.o
    0x0000256c   0x0000256c   0x00000014   Code   RO          157    .text.DL_GPIO_clearPins  ti_msp_dl_config.o
    0x00002580   0x00002580   0x00000014   Code   RO          242    .text.DL_GPIO_clearPins  motor.o
    0x00002594   0x00002594   0x00000014   Code   RO          313    .text.DL_GPIO_clearPins  hled_key.o
    0x000025a8   0x000025a8   0x00000014   Code   RO         1537    .text.DL_GPIO_clearPins  zf_device_imu_interface.o
    0x000025bc   0x000025bc   0x0000001c   Code   RO          167    .text.DL_GPIO_enableInterrupt  ti_msp_dl_config.o
    0x000025d8   0x000025d8   0x00000018   Code   RO          147    .text.DL_GPIO_enableOutput  ti_msp_dl_config.o
    0x000025f0   0x000025f0   0x00000014   Code   RO          137    .text.DL_GPIO_enablePower  ti_msp_dl_config.o
    0x00002604   0x00002604   0x00000018   Code   RO          325    .text.DL_GPIO_getEnabledInterruptStatus  encoder.o
    0x0000261c   0x0000261c   0x00000014   Code   RO          155    .text.DL_GPIO_initDigitalInput  ti_msp_dl_config.o
    0x00002630   0x00002630   0x00000030   Code   RO          153    .text.DL_GPIO_initDigitalInputFeatures  ti_msp_dl_config.o
    0x00002660   0x00002660   0x00000014   Code   RO          151    .text.DL_GPIO_initDigitalOutput  ti_msp_dl_config.o
    0x00002674   0x00002674   0x0000001c   Code   RO          149    .text.DL_GPIO_initPeripheralInputFunction  ti_msp_dl_config.o
    0x00002690   0x00002690   0x0000001c   Code   RO          145    .text.DL_GPIO_initPeripheralOutputFunction  ti_msp_dl_config.o
    0x000026ac   0x000026ac   0x00000016   Code   RO          255    .text.DL_GPIO_readPins  gray.o
    0x000026c2   0x000026c2   0x00000016   Code   RO          303    .text.DL_GPIO_readPins  hled_key.o
    0x000026d8   0x000026d8   0x00000016   Code   RO          327    .text.DL_GPIO_readPins  encoder.o
    0x000026ee   0x000026ee   0x00000002   PAD
    0x000026f0   0x000026f0   0x00000010   Code   RO          129    .text.DL_GPIO_reset  ti_msp_dl_config.o
    0x00002700   0x00002700   0x0000001c   Code   RO          161    .text.DL_GPIO_setLowerPinsPolarity  ti_msp_dl_config.o
    0x0000271c   0x0000271c   0x00000014   Code   RO           32    .text.DL_GPIO_setPins  seekfree_mspm0g3507_device_library.o
    0x00002730   0x00002730   0x00000014   Code   RO          159    .text.DL_GPIO_setPins  ti_msp_dl_config.o
    0x00002744   0x00002744   0x00000014   Code   RO          240    .text.DL_GPIO_setPins  motor.o
    0x00002758   0x00002758   0x00000014   Code   RO          311    .text.DL_GPIO_setPins  hled_key.o
    0x0000276c   0x0000276c   0x00000018   Code   RO         1539    .text.DL_GPIO_setPins  zf_device_imu_interface.o
    0x00002784   0x00002784   0x00000018   Code   RO          163    .text.DL_GPIO_setUpperPinsPolarity  ti_msp_dl_config.o
    0x0000279c   0x0000279c   0x00000014   Code   RO          199    .text.DL_SPI_enable  ti_msp_dl_config.o
    0x000027b0   0x000027b0   0x00000018   Code   RO          143    .text.DL_SPI_enablePower  ti_msp_dl_config.o
    0x000027c8   0x000027c8   0x00000048   Code   RO          518    .text.DL_SPI_init   dl_spi.o
    0x00002810   0x00002810   0x00000018   Code   RO         1533    .text.DL_SPI_isBusy  zf_device_imu_interface.o
    0x00002828   0x00002828   0x00000014   Code   RO         1535    .text.DL_SPI_receiveData8  zf_device_imu_interface.o
    0x0000283c   0x0000283c   0x00000018   Code   RO          135    .text.DL_SPI_reset  ti_msp_dl_config.o
    0x00002854   0x00002854   0x00000020   Code   RO          195    .text.DL_SPI_setBitRateSerialClockDivider  ti_msp_dl_config.o
    0x00002874   0x00002874   0x00000024   Code   RO          522    .text.DL_SPI_setClockConfig  dl_spi.o
    0x00002898   0x00002898   0x00000030   Code   RO          197    .text.DL_SPI_setFIFOThreshold  ti_msp_dl_config.o
    0x000028c8   0x000028c8   0x00000016   Code   RO         1531    .text.DL_SPI_transmitData8  zf_device_imu_interface.o
    0x000028de   0x000028de   0x00000002   PAD
    0x000028e0   0x000028e0   0x0000000c   Code   RO          173    .text.DL_SYSCTL_disableHFXT  ti_msp_dl_config.o
    0x000028ec   0x000028ec   0x00000014   Code   RO          175    .text.DL_SYSCTL_disableSYSPLL  ti_msp_dl_config.o
    0x00002900   0x00002900   0x00000014   Code   RO          177    .text.DL_SYSCTL_enableMFCLK  ti_msp_dl_config.o
    0x00002914   0x00002914   0x00000018   Code   RO          169    .text.DL_SYSCTL_setBORThreshold  ti_msp_dl_config.o
    0x0000292c   0x0000292c   0x0000001c   Code   RO          171    .text.DL_SYSCTL_setSYSOSCFreq  ti_msp_dl_config.o
    0x00002948   0x00002948   0x0000000c   Code   RO          203    .text.DL_SYSTICK_enable  ti_msp_dl_config.o
    0x00002954   0x00002954   0x00000028   Code   RO          201    .text.DL_SYSTICK_init  ti_msp_dl_config.o
    0x0000297c   0x0000297c   0x00000014   Code   RO          179    .text.DL_Timer_enableClock  ti_msp_dl_config.o
    0x00002990   0x00002990   0x0000001c   Code   RO          183    .text.DL_Timer_enableInterrupt  ti_msp_dl_config.o
    0x000029ac   0x000029ac   0x00000018   Code   RO          139    .text.DL_Timer_enablePower  ti_msp_dl_config.o
    0x000029c4   0x000029c4   0x0000010c   Code   RO          459    .text.DL_Timer_initPWMMode  dl_timer.o
    0x00002ad0   0x00002ad0   0x000000fc   Code   RO          429    .text.DL_Timer_initTimerMode  dl_timer.o
    0x00002bcc   0x00002bcc   0x00000018   Code   RO          131    .text.DL_Timer_reset  ti_msp_dl_config.o
    0x00002be4   0x00002be4   0x00000014   Code   RO          181    .text.DL_Timer_setCCPDirection  ti_msp_dl_config.o
    0x00002bf8   0x00002bf8   0x00000030   Code   RO          473    .text.DL_Timer_setCaptCompUpdateMethod  dl_timer.o
    0x00002c28   0x00002c28   0x00000034   Code   RO          461    .text.DL_Timer_setCaptureCompareAction  dl_timer.o
    0x00002c5c   0x00002c5c   0x0000003c   Code   RO          437    .text.DL_Timer_setCaptureCompareCtl  dl_timer.o
    0x00002c98   0x00002c98   0x00000034   Code   RO          443    .text.DL_Timer_setCaptureCompareInput  dl_timer.o
    0x00002ccc   0x00002ccc   0x00000040   Code   RO          463    .text.DL_Timer_setCaptureCompareOutCtl  dl_timer.o
    0x00002d0c   0x00002d0c   0x0000002c   Code   RO          435    .text.DL_Timer_setCaptureCompareValue  dl_timer.o
    0x00002d38   0x00002d38   0x00000030   Code   RO          425    .text.DL_Timer_setClockConfig  dl_timer.o
    0x00002d68   0x00002d68   0x0000001c   Code   RO          433    .text.DL_Timer_setCounterValueAfterEnable  dl_timer.o
    0x00002d84   0x00002d84   0x00000018   Code   RO          431    .text.DL_Timer_setLoadValue  dl_timer.o
    0x00002d9c   0x00002d9c   0x00000018   Code   RO           36    .text.DL_Timer_startCounter  seekfree_mspm0g3507_device_library.o
    0x00002db4   0x00002db4   0x00000016   Code   RO          355    .text.DL_UART_disable  dl_uart.o
    0x00002dca   0x00002dca   0x00000016   Code   RO          193    .text.DL_UART_enable  ti_msp_dl_config.o
    0x00002de0   0x00002de0   0x0000001c   Code   RO          189    .text.DL_UART_enableInterrupt  ti_msp_dl_config.o
    0x00002dfc   0x00002dfc   0x00000018   Code   RO          141    .text.DL_UART_enablePower  ti_msp_dl_config.o
    0x00002e14   0x00002e14   0x00000012   Code   RO           91    .text.DL_UART_getPendingInterrupt  board.o
    0x00002e26   0x00002e26   0x00000002   PAD
    0x00002e28   0x00002e28   0x00000048   Code   RO          353    .text.DL_UART_init  dl_uart.o
    0x00002e70   0x00002e70   0x00000018   Code   RO           79    .text.DL_UART_isBusy  board.o
    0x00002e88   0x00002e88   0x00000014   Code   RO           93    .text.DL_UART_receiveData  board.o
    0x00002e9c   0x00002e9c   0x00000018   Code   RO          133    .text.DL_UART_reset  ti_msp_dl_config.o
    0x00002eb4   0x00002eb4   0x0000004c   Code   RO          187    .text.DL_UART_setBaudRateDivisor  ti_msp_dl_config.o
    0x00002f00   0x00002f00   0x00000024   Code   RO          359    .text.DL_UART_setClockConfig  dl_uart.o
    0x00002f24   0x00002f24   0x0000001e   Code   RO          185    .text.DL_UART_setOversampling  ti_msp_dl_config.o
    0x00002f42   0x00002f42   0x00000016   Code   RO           81    .text.DL_UART_transmitData  board.o
    0x00002f58   0x00002f58   0x00000052   Code   RO          284    .text.DerectError_Get  my_pid.o
    0x00002faa   0x00002faa   0x00000002   PAD
    0x00002fac   0x00002fac   0x00000078   Code   RO          288    .text.DifferControl  my_pid.o
    0x00003024   0x00003024   0x00000148   Code   RO          286    .text.Direction_out  my_pid.o
    0x0000316c   0x0000316c   0x000000f4   Code   RO          323    .text.GROUP1_IRQHandler  encoder.o
    0x00003260   0x00003260   0x00000114   Code   RO          257    .text.Gray_erro     gray.o
    0x00003374   0x00003374   0x00000100   Code   RO          253    .text.Gray_get      gray.o
    0x00003474   0x00003474   0x000000c8   Code   RO          270    .text.GyroOffsets   a_imu66ra.o
    0x0000353c   0x0000353c   0x00000100   Code   RO          268    .text.ICM_OneOrderFilter  a_imu66ra.o
    0x0000363c   0x0000363c   0x00000170   Code   RO           28    .text.Key_Pro       seekfree_mspm0g3507_device_library.o
    0x000037ac   0x000037ac   0x00000058   Code   RO          234    .text.L_control     motor.o
    0x00003804   0x00003804   0x000000e2   Code   RO          290    .text.PID_DT        my_pid.o
    0x000038e6   0x000038e6   0x00000002   PAD
    0x000038e8   0x000038e8   0x000000a0   Code   RO          305    .text.RGB_led       hled_key.o
    0x00003988   0x00003988   0x00000054   Code   RO          236    .text.R_control     motor.o
    0x000039dc   0x000039dc   0x00000264   Code   RO          111    .text.SYSCFG_DL_GPIO_init  ti_msp_dl_config.o
    0x00003c40   0x00003c40   0x00000084   Code   RO          115    .text.SYSCFG_DL_PWM_Motor_init  ti_msp_dl_config.o
    0x00003cc4   0x00003cc4   0x0000003c   Code   RO          121    .text.SYSCFG_DL_SPI_FOR_IMU_init  ti_msp_dl_config.o
    0x00003d00   0x00003d00   0x00000022   Code   RO          113    .text.SYSCFG_DL_SYSCTL_init  ti_msp_dl_config.o
    0x00003d22   0x00003d22   0x0000000e   Code   RO          123    .text.SYSCFG_DL_SYSTICK_init  ti_msp_dl_config.o
    0x00003d30   0x00003d30   0x00000030   Code   RO          117    .text.SYSCFG_DL_TIMER_0_init  ti_msp_dl_config.o
    0x00003d60   0x00003d60   0x00000050   Code   RO          119    .text.SYSCFG_DL_UART_0_init  ti_msp_dl_config.o
    0x00003db0   0x00003db0   0x00000030   Code   RO          107    .text.SYSCFG_DL_init  ti_msp_dl_config.o
    0x00003de0   0x00003de0   0x00000078   Code   RO          109    .text.SYSCFG_DL_initPower  ti_msp_dl_config.o
    0x00003e58   0x00003e58   0x000000b8   Code   RO          238    .text.Speed_Get     motor.o
    0x00003f10   0x00003f10   0x000000d8   Code   RO           40    .text.TIMG0_IRQHandler  seekfree_mspm0g3507_device_library.o
    0x00003fe8   0x00003fe8   0x00000068   Code   RO           89    .text.UART0_IRQHandler  board.o
    0x00004050   0x00004050   0x0000002c   Code   RO           65    .text.__NVIC_ClearPendingIRQ  board.o
    0x0000407c   0x0000407c   0x00000028   Code   RO           38    .text.__NVIC_EnableIRQ  seekfree_mspm0g3507_device_library.o
    0x000040a4   0x000040a4   0x0000002c   Code   RO           67    .text.__NVIC_EnableIRQ  board.o
    0x000040d0   0x000040d0   0x00000088   Code   RO          191    .text.__NVIC_SetPriority  ti_msp_dl_config.o
    0x00004158   0x00004158   0x00000008   Code   RO           85    .text._sys_exit     board.o
    0x00004160   0x00004160   0x00000024   Code   RO           63    .text.board_init    board.o
    0x00004184   0x00004184   0x0000001c   Code   RO         1438    .text.debug_message_handler  zf_common_debug.o
    0x000041a0   0x000041a0   0x00000016   Code   RO           71    .text.delay_ms      board.o
    0x000041b6   0x000041b6   0x00000002   PAD
    0x000041b8   0x000041b8   0x00000074   Code   RO           69    .text.delay_us      board.o
    0x0000422c   0x0000422c   0x0000002c   Code   RO           87    .text.fputc         board.o
    0x00004258   0x00004258   0x00000024   Code   RO            4    .text.handle_initial_state  seekfree_mspm0g3507_device_library.o
    0x0000427c   0x0000427c   0x00000078   Code   RO            6    .text.handle_question_1  seekfree_mspm0g3507_device_library.o
    0x000042f4   0x000042f4   0x00000180   Code   RO            8    .text.handle_question_2  seekfree_mspm0g3507_device_library.o
    0x00004474   0x00004474   0x000001a8   Code   RO           10    .text.handle_question_2_1  seekfree_mspm0g3507_device_library.o
    0x0000461c   0x0000461c   0x000001ac   Code   RO           12    .text.handle_question_3  seekfree_mspm0g3507_device_library.o
    0x000047c8   0x000047c8   0x000001ac   Code   RO           14    .text.handle_question_3_1  seekfree_mspm0g3507_device_library.o
    0x00004974   0x00004974   0x00000220   Code   RO           16    .text.handle_question_4  seekfree_mspm0g3507_device_library.o
    0x00004b94   0x00004b94   0x000001cc   Code   RO           18    .text.handle_question_4_1  seekfree_mspm0g3507_device_library.o
    0x00004d60   0x00004d60   0x000001e8   Code   RO           20    .text.handle_question_4_low  seekfree_mspm0g3507_device_library.o
    0x00004f48   0x00004f48   0x000001f0   Code   RO           22    .text.handle_question_4_low_1  seekfree_mspm0g3507_device_library.o
    0x00005138   0x00005138   0x000001d0   Code   RO           24    .text.handle_question_4_low_ll  seekfree_mspm0g3507_device_library.o
    0x00005308   0x00005308   0x0000006e   Code   RO         1571    .text.imu660ra_expansion_ckeck_id  zf_device_imu660ra.o
    0x00005376   0x00005376   0x00000002   PAD
    0x00005378   0x00005378   0x00000078   Code   RO         1563    .text.imu660ra_expansion_get_gyro  zf_device_imu660ra.o
    0x000053f0   0x000053f0   0x00000188   Code   RO         1573    .text.imu660ra_expansion_init  zf_device_imu660ra.o
    0x00005578   0x00005578   0x00000014   Code   RO         1561    .text.imu660ra_get_gyro  zf_device_imu660ra.o
    0x0000558c   0x0000558c   0x0000008c   Code   RO         1569    .text.imu660ra_init  zf_device_imu660ra.o
    0x00005618   0x00005618   0x0000003c   Code   RO         1519    .text.imu_assert    zf_device_imu_interface.o
    0x00005654   0x00005654   0x00000010   Code   RO         1517    .text.imu_delay_ms  zf_device_imu_interface.o
    0x00005664   0x00005664   0x0000001a   Code   RO         1541    .text.imu_interface_deinit  zf_device_imu_interface.o
    0x0000567e   0x0000567e   0x0000001a   Code   RO         1543    .text.imu_interface_init  zf_device_imu_interface.o
    0x00005698   0x00005698   0x00000094   Code   RO         1525    .text.imu_read_8bit_register  zf_device_imu_interface.o
    0x0000572c   0x0000572c   0x000000a8   Code   RO         1527    .text.imu_read_8bit_registers  zf_device_imu_interface.o
    0x000057d4   0x000057d4   0x0000008c   Code   RO         1521    .text.imu_write_8bit_register  zf_device_imu_interface.o
    0x00005860   0x00005860   0x000000ac   Code   RO         1523    .text.imu_write_8bit_registers  zf_device_imu_interface.o
    0x0000590c   0x0000590c   0x000000d8   Code   RO            2    .text.is_element    seekfree_mspm0g3507_device_library.o
    0x000059e4   0x000059e4   0x000000e4   Code   RO          301    .text.key_scan      hled_key.o
    0x00005ac8   0x00005ac8   0x000000a0   Code   RO           34    .text.main          seekfree_mspm0g3507_device_library.o
    0x00005b68   0x00005b68   0x000000b8   Code   RO          232    .text.motor_turn    motor.o
    0x00005c20   0x00005c20   0x0000004c   Code   RO          282    .text.mypid_init    my_pid.o
    0x00005c6c   0x00005c6c   0x00000028   Code   RO          280    .text.pid_clear     my_pid.o
    0x00005c94   0x00005c94   0x00000084   Code   RO          307    .text.setRGB        hled_key.o
    0x00005d18   0x00005d18   0x0000002c   Code   RO           77    .text.uart0_send_char  board.o
    0x00005d44   0x00005d44   0x00000030   Code   RO         1890    i.__ARM_common_ll_muluu  c_p.l(btod.o)
    0x00005d74   0x00005d74   0x0000002c   Code   RO         1863    i.__ARM_fpclassify  m_ps.l(fpclassify.o)
    0x00005da0   0x00005da0   0x00000016   Code   RO         1641    i._fgeq             fz_ps.l(fcmp.o)
    0x00005db6   0x00005db6   0x0000001a   Code   RO         1643    i._fleq             fz_ps.l(fcmp.o)
    0x00005dd0   0x00005dd0   0x0000000e   Code   RO         1728    i._is_digit         c_p.l(__printf_wp.o)
    0x00005dde   0x00005dde   0x00000002   PAD
    0x00005de0   0x00005de0   0x0000002c   Code   RO         1895    locale$$code        c_p.l(lc_numeric_c.o)
    0x00005e0c   0x00005e0c   0x0000002c   Code   RO         1925    locale$$code        c_p.l(lc_ctype_c.o)
    0x00005e38   0x00005e38   0x0000008c   Code   RO         1634    x$fpl$fadd          fz_ps.l(faddsub.o)
    0x00005ec4   0x00005ec4   0x00000054   Code   RO         1769    x$fpl$fgeqf         fz_ps.l(fgef.o)
    0x00005f18   0x00005f18   0x00000054   Code   RO         1771    x$fpl$fleqf         fz_ps.l(flef.o)
    0x00005f6c   0x00005f6c   0x000000b0   Code   RO         1659    x$fpl$fmul          fz_ps.l(fmul.o)
    0x0000601c   0x0000601c   0x000000d0   Code   RO         1636    x$fpl$fsub          fz_ps.l(faddsub.o)
    0x000060ec   0x000060ec   0x00000010   Code   RO         1773    x$fpl$printf1       fz_ps.l(printf1.o)
    0x000060fc   0x000060fc   0x00000010   Code   RO         1775    x$fpl$printf2       fz_ps.l(printf2.o)
    0x0000610c   0x0000610c   0x00000000   Code   RO         1781    x$fpl$usenofp       fz_ps.l(usenofp.o)
    0x0000610c   0x0000610c   0x00000040   Data   RO         1653    .constdata          fz_ps.l(fdiv.o)
    0x0000614c   0x0000614c   0x00000008   Data   RO         1687    .constdata          c_p.l(_printf_wctomb.o)
    0x00006154   0x00006154   0x00000028   Data   RO         1716    .constdata          c_p.l(_printf_hex_int_ll_ptr.o)
    0x0000617c   0x0000617c   0x00000011   Data   RO         1736    .constdata          c_p.l(__printf_flags_ss_wp.o)
    0x0000618d   0x0000618d   0x00000026   Data   RO         1840    .constdata          c_p.l(_printf_fp_hex.o)
    0x000061b3   0x000061b3   0x00000001   PAD
    0x000061b4   0x000061b4   0x00000094   Data   RO         1885    .constdata          c_p.l(bigflt0.o)
    0x00006248   0x00006248   0x00000030   Data   RO          260    .rodata..L__const.Gray_erro.weights  gray.o
    0x00006278   0x00006278   0x00000003   Data   RO          208    .rodata.gPWM_MotorClockConfig  ti_msp_dl_config.o
    0x0000627b   0x0000627b   0x00000001   PAD
    0x0000627c   0x0000627c   0x00000008   Data   RO          209    .rodata.gPWM_MotorConfig  ti_msp_dl_config.o
    0x00006284   0x00006284   0x00000002   Data   RO          214    .rodata.gSPI_FOR_IMU_clockConfig  ti_msp_dl_config.o
    0x00006286   0x00006286   0x0000000a   Data   RO          215    .rodata.gSPI_FOR_IMU_config  ti_msp_dl_config.o
    0x00006290   0x00006290   0x00000003   Data   RO          210    .rodata.gTIMER_0ClockConfig  ti_msp_dl_config.o
    0x00006293   0x00006293   0x00000001   PAD
    0x00006294   0x00006294   0x00000014   Data   RO          211    .rodata.gTIMER_0TimerConfig  ti_msp_dl_config.o
    0x000062a8   0x000062a8   0x00000002   Data   RO          212    .rodata.gUART_0ClockConfig  ti_msp_dl_config.o
    0x000062aa   0x000062aa   0x0000000a   Data   RO          213    .rodata.gUART_0Config  ti_msp_dl_config.o
    0x000062b4   0x000062b4   0x00002000   Data   RO         1578    .rodata.imu660ra_config_file  zf_device_imu660ra.o
    0x000082b4   0x000082b4   0x00000024   Data   RO           54    .rodata.str1.1      seekfree_mspm0g3507_device_library.o
    0x000082d8   0x000082d8   0x0000001f   Data   RO           98    .rodata.str1.1      board.o
    0x000082f7   0x000082f7   0x0000012d   Data   RO         1575    .rodata.str1.1      zf_device_imu660ra.o
    0x00008424   0x00008424   0x00000004   PAD
    0x00008428   0x00008428   0x00000020   Data   RO         2055    Region$$Table       anon$$obj.o
    0x00008448   0x00008448   0x0000001c   Data   RO         1894    locale$$data        c_p.l(lc_numeric_c.o)
    0x00008464   0x00008464   0x00000110   Data   RO         1924    locale$$data        c_p.l(lc_ctype_c.o)


    Execution Region RW_IRAM2 (Exec base: 0x20200000, Load base: 0x00008578, Size: 0x00001350, Max: 0x00008000, ABSOLUTE)

    Exec Addr    Load Addr    Size         Type   Attr      Idx    E Section Name        Object

    0x20200000   0x00008578   0x00000002   Data   RW           52    .data.Key_long_time  seekfree_mspm0g3507_device_library.o
    0x20200002   0x0000857a   0x00000002   PAD
    0x20200004   0x0000857c   0x0000001c   Data   RW         1545    .data.imu_interface_default_obj  zf_device_imu_interface.o
    0x20200020        -       0x00000060   Zero   RW         1868    .bss                c_p.l(libspace.o)
    0x20200080        -       0x00000001   Zero   RW          315    .bss.BEEP_Count     hled_key.o
    0x20200081        -       0x0000000c   Zero   RW          259    .bss.Gray_Val       gray.o
    0x2020008d   0x00008598   0x00000003   PAD
    0x20200090        -       0x00000018   Zero   RW          272    .bss.IMUdata        a_imu66ra.o
    0x202000a8        -       0x00000001   Zero   RW           53    .bss.Key_Pro.Key_Old  seekfree_mspm0g3507_device_library.o
    0x202000a9        -       0x00000001   Zero   RW           43    .bss.Question       seekfree_mspm0g3507_device_library.o
    0x202000aa        -       0x00000001   Zero   RW           44    .bss.Question_flag  seekfree_mspm0g3507_device_library.o
    0x202000ab   0x00008598   0x00000001   PAD
    0x202000ac        -       0x0000001c   Zero   RW          293    .bss.Speed          my_pid.o
    0x202000c8        -       0x00000014   Zero   RW          245    .bss.Speed_Get.previousSpeed  motor.o
    0x202000dc        -       0x00000004   Zero   RW          244    .bss.Step1          motor.o
    0x202000e0        -       0x00000054   Zero   RW           99    .bss.__stdout       board.o
    0x20200134        -       0x00000002   Zero   RW          331    .bss.encoder_L      encoder.o
    0x20200136        -       0x00000002   Zero   RW          332    .bss.encoder_R      encoder.o
    0x20200138        -       0x00000028   Zero   RW          207    .bss.gSPI_FOR_IMUBackup  ti_msp_dl_config.o
    0x20200160        -       0x00000006   Zero   RW         1580    .bss.gyro_data      zf_device_imu660ra.o
    0x20200166        -       0x00000001   Zero   RW           47    .bss.handle_question_4.cnt  seekfree_mspm0g3507_device_library.o
    0x20200167        -       0x00000001   Zero   RW           48    .bss.handle_question_4_1.cnt  seekfree_mspm0g3507_device_library.o
    0x20200168        -       0x00000001   Zero   RW           49    .bss.handle_question_4_low.cnt  seekfree_mspm0g3507_device_library.o
    0x20200169        -       0x00000001   Zero   RW           50    .bss.handle_question_4_low_1.cnt  seekfree_mspm0g3507_device_library.o
    0x2020016a        -       0x00000001   Zero   RW           42    .bss.pit_flag       seekfree_mspm0g3507_device_library.o
    0x2020016b   0x00008598   0x00000001   PAD
    0x2020016c        -       0x00000054   Zero   RW          292    .bss.price          my_pid.o
    0x202001c0        -       0x00000004   Zero   RW           45    .bss.question_ek    seekfree_mspm0g3507_device_library.o
    0x202001c4        -       0x00000004   Zero   RW           46    .bss.question_eks   seekfree_mspm0g3507_device_library.o
    0x202001c8        -       0x00000080   Zero   RW           95    .bss.recv0_buff     board.o
    0x20200248        -       0x00000001   Zero   RW           97    .bss.recv0_flag     board.o
    0x20200249   0x00008598   0x00000001   PAD
    0x2020024a        -       0x00000002   Zero   RW           96    .bss.recv0_length   board.o
    0x2020024c   0x00008598   0x00000004   PAD
    0x20200250        -       0x00000100   Zero   RW          223    HEAP                startup_mspm0g350x_uvision.o
    0x20200350        -       0x00001000   Zero   RW          222    STACK               startup_mspm0g350x_uvision.o



  Load Region LR_BCR (Base: 0x41c00000, Size: 0x00000000, Max: 0x00000100, ABSOLUTE)

    Execution Region BCR_CONFIG (Exec base: 0x41c00000, Load base: 0x41c00000, Size: 0x00000000, Max: 0x00000080, ABSOLUTE)

    **** No section assigned to this execution region ****



  Load Region LR_BSL (Base: 0x41c00100, Size: 0x00000000, Max: 0x00000100, ABSOLUTE)

    Execution Region BSL_CONFIG (Exec base: 0x41c00100, Load base: 0x41c00100, Size: 0x00000000, Max: 0x00000080, ABSOLUTE)

    **** No section assigned to this execution region ****


==============================================================================

Image component sizes


      Code (inc. data)   RO Data    RW Data    ZI Data      Debug   Object Name

       456         28          0          0         24       1368   a_imu66ra.o
       546         52         31          0        215       7271   board.o
        20          0          0          0          0        595   dl_common.o
       148         12          0          0          0      10564   dl_spi.o
       980        180          0          0          0      20663   dl_timer.o
       170          8          0          0          0      10646   dl_uart.o
       318         16          0          0          4       4073   encoder.o
       554         24         48          0         12       4087   gray.o
       650         48          0          0          1       4823   hled_key.o
       580         40          0          0         24       6742   motor.o
       872         56          0          0        112       2329   my_pid.o
      5336        736         36          2         16      12269   seekfree_mspm0g3507_device_library.o
        48         22        192          0       4352        708   startup_mspm0g350x_uvision.o
      2296        216         58          0         40      32675   ti_msp_dl_config.o
        28          0          0          0          0       1838   zf_common_debug.o
       782         44       8493          0          6       8355   zf_device_imu660ra.o
       866         20          0         28          0       8136   zf_device_imu_interface.o

    ----------------------------------------------------------------------
     14664       1502       8896         32       4816     137142   Object Totals
         0          0         32          0          0          0   (incl. Generated)
        14          0          6          2         10          0   (incl. Padding)

    ----------------------------------------------------------------------

      Code (inc. data)   RO Data    RW Data    ZI Data      Debug   Library Member Name

         8          0          0          0          0         68   __main.o
       392          6         17          0          0         76   __printf_flags_ss_wp.o
        14          0          0          0          0         60   __printf_wp.o
         0          0          0          0          0          0   __rtentry.o
        12          0          0          0          0          0   __rtentry2.o
         6          0          0          0          0          0   __rtentry4.o
        60          8          0          0          0          0   __scatter.o
        26          0          0          0          0          0   __scatter_copy.o
        28          0          0          0          0          0   __scatter_zi.o
        66          0          0          0          0         76   _c16rtomb.o
        10          0          0          0          0          0   _printf_a.o
        10          0          0          0          0          0   _printf_c.o
        46          0          0          0          0        100   _printf_char.o
        48          6          0          0          0         88   _printf_char_common.o
        40          6          0          0          0         72   _printf_char_file.o
        38          0          0          0          0         60   _printf_charcount.o
        10          0          0          0          0          0   _printf_d.o
       108         18          0          0          0         76   _printf_dec.o
        10          0          0          0          0          0   _printf_e.o
        10          0          0          0          0          0   _printf_f.o
      1044         12          0          0          0        116   _printf_fp_dec.o
       728         10         38          0          0         84   _printf_fp_hex.o
       136         16          0          0          0         76   _printf_fp_infnan.o
        10          0          0          0          0          0   _printf_g.o
       152          4         40          0          0        148   _printf_hex_int_ll_ptr.o
        10          0          0          0          0          0   _printf_i.o
       176          0          0          0          0         84   _printf_intcommon.o
        10          0          0          0          0          0   _printf_l.o
        10          0          0          0          0          0   _printf_lc.o
        10          0          0          0          0          0   _printf_ll.o
        10          0          0          0          0          0   _printf_lld.o
        10          0          0          0          0          0   _printf_lli.o
        10          0          0          0          0          0   _printf_llo.o
        10          0          0          0          0          0   _printf_llu.o
        10          0          0          0          0          0   _printf_llx.o
       112         18          0          0          0         76   _printf_longlong_dec.o
        10          0          0          0          0          0   _printf_ls.o
        10          0          0          0          0          0   _printf_n.o
        10          0          0          0          0          0   _printf_o.o
       112         10          0          0          0        112   _printf_oct_int_ll.o
        10          0          0          0          0          0   _printf_p.o
        78          0          0          0          0        100   _printf_pad.o
         2          0          0          0          0          0   _printf_percent.o
         4          0          0          0          0          0   _printf_percent_end.o
        10          0          0          0          0          0   _printf_s.o
        82          0          0          0          0         72   _printf_str.o
        36          0          0          0          0         76   _printf_truncate.o
        10          0          0          0          0          0   _printf_u.o
        46          0          0          0          0        100   _printf_wchar.o
       188          6          8          0          0         80   _printf_wctomb.o
        10          0          0          0          0          0   _printf_x.o
       364          4          0          0          0         92   aeabi_sdiv.o
       216          6        148          0          0         80   bigflt0.o
      1456         30          0          0          0        336   btod.o
        16          0          0          0          0         68   exit.o
         8          0          0          0          0         60   ferror.o
         6          0          0          0          0        136   heapauxi.o
        44         10        272          0          0         76   lc_ctype_c.o
        44         10         28          0          0         76   lc_numeric_c.o
         2          0          0          0          0          0   libinit.o
        30          0          0          0          0          0   libinit2.o
         2          0          0          0          0          0   libshutdown.o
         2          0          0          0          0          0   libshutdown2.o
         8          4          0          0         96         68   libspace.o
       122          0          0          0          0         72   lludiv10.o
        28          6          0          0          0         84   printf.o
        16          4          0          0          0         76   rt_ctype_table.o
         8          4          0          0          0         68   rt_locale_intlibspace.o
         2          0          0          0          0          0   rtexit.o
        10          0          0          0          0          0   rtexit2.o
        40          0          0          0          0         60   rtudiv10.o
       136          4          0          0          0         72   strcmp.o
        62          0          0          0          0         80   sys_stackheap_outer.o
        46          0          0          0          0         60   cmpret.o
       124          4          0          0          0         72   d2f.o
       856         20          0          0          0        208   daddsub.o
        88          0          0          0          0         92   dflti.o
       584         26          0          0          0         84   dmul.o
        84          4          0          0          0         60   f2d.o
       348          8          0          0          0        160   faddsub.o
        48          0          0          0          0        136   fcmp.o
       100          4          0          0          0         68   fcmpin.o
       352         10         64          0          0         92   fdiv.o
        76          0          0          0          0         68   ffixi.o
        94          0          0          0          0         92   fflti.o
        84          4          0          0          0         76   fgef.o
        84          4          0          0          0         76   flef.o
       176          4          0          0          0         80   fmul.o
        16          6          0          0          0         68   fnan2.o
        16          4          0          0          0         76   printf1.o
        16          4          0          0          0         76   printf2.o
        94          0          0          0          0         68   retnan.o
         0          0          0          0          0          0   usenofp.o
        44          4          0          0          0         60   fpclassify.o

    ----------------------------------------------------------------------
      9988        312        616          0         96       5076   Library Totals
        28          4          1          0          0          0   (incl. Padding)

    ----------------------------------------------------------------------

      Code (inc. data)   RO Data    RW Data    ZI Data      Debug   Library Name

      6630        202        551          0         96       3304   c_p.l
      3286        102         64          0          0       1712   fz_ps.l
        44          4          0          0          0         60   m_ps.l

    ----------------------------------------------------------------------
      9988        312        616          0         96       5076   Library Totals

    ----------------------------------------------------------------------

==============================================================================


      Code (inc. data)   RO Data    RW Data    ZI Data      Debug   

     24652       1814       9512         32       4912     139406   Grand Totals
     24652       1814       9512         32       4912     139406   ELF Image Totals
     24652       1814       9512         32          0          0   ROM Totals

==============================================================================

    Total RO  Size (Code + RO Data)                34164 (  33.36kB)
    Total RW  Size (RW Data + ZI Data)              4944 (   4.83kB)
    Total ROM Size (Code + RO Data + RW Data)      34196 (  33.39kB)

==============================================================================

